 multiasm_odbg

 Timestamp is 6a572eec (Wed Jul 15 15:55:40 2026)

 Preferred load address is 10000000

 Start         Length     Name                   Class
 0001:00000000 00000310H .text                   CODE
 0001:00000310 0000eb29H .text$mn                CODE
 0002:00000000 00000284H .idata$5                DATA
 0002:00000284 0000000cH .00cfg                  DATA
 0002:00000288 00000000H .gfids$y                DATA
 0002:00000290 000046f0H .rdata                  DATA
 0002:00004980 00000000H .rdata$CastGuardVftablesA DATA
 0002:00004980 00000000H .rdata$CastGuardVftablesC DATA
 0002:00004980 00000020H .didat$2                DATA
 0002:000049a0 00000020H .didat$3                DATA
 0002:000049c0 00000008H .didat$4                DATA
 0002:000049c8 00000018H .didat$6                DATA
 0002:000049e0 00000110H .didat$7                DATA
 0002:00004af0 0000011cH .edata                  DATA
 0002:00004c0c 0000002cH .rdata$voltmd           DATA
 0002:00004c38 000001acH .rdata$zzzdbg           DATA
 0002:00004de4 0000008cH .idata$2                DATA
 0002:00004e70 00000014H .idata$3                DATA
 0002:00004e84 00000284H .idata$4                DATA
 0002:00005108 0000094cH .idata$6                DATA
 0003:00000000 00000150H .data                   DATA
 0003:00000150 00000010H .didat$5                DATA
 0003:00000160 000005dcH .bss                    DATA
 0004:00000000 00000210H .rsrc$01                DATA
 0004:00000210 000045f8H .rsrc$02                DATA

  Address         Publics by Value              Rva+Base       Lib:Object

 0000:00000000       ___AbsoluteZero            00000000     <absolute>
 0000:00000000       ___arm64x_extra_rfe_table  00000000     <absolute>
 0000:00000000       ___arm64x_extra_rfe_table_size 00000000     <absolute>
 0000:00000000       ___arm64x_native_entrypoint 00000000     <absolute>
 0000:00000000       ___arm64x_redirection_metadata 00000000     <absolute>
 0000:00000000       ___arm64x_redirection_metadata_count 00000000     <absolute>
 0000:00000000       ___dynamic_value_reloc_table 00000000     <absolute>
 0000:00000000       ___enclave_config          00000000     <absolute>
 0000:00000000       ___guard_check_icall_a64n_fptr 00000000     <absolute>
 0000:00000000       ___guard_eh_cont_count     00000000     <absolute>
 0000:00000000       ___guard_eh_cont_table     00000000     <absolute>
 0000:00000000       ___guard_fids_count        00000000     <absolute>
 0000:00000000       ___guard_fids_table        00000000     <absolute>
 0000:00000000       ___guard_iat_count         00000000     <absolute>
 0000:00000000       ___guard_iat_table         00000000     <absolute>
 0000:00000000       ___guard_longjmp_count     00000000     <absolute>
 0000:00000000       ___guard_longjmp_table     00000000     <absolute>
 0000:00000000       ___hybrid_auxiliary_delayload_iat 00000000     <absolute>
 0000:00000000       ___hybrid_auxiliary_delayload_iat_copy 00000000     <absolute>
 0000:00000000       ___hybrid_auxiliary_iat    00000000     <absolute>
 0000:00000000       ___hybrid_auxiliary_iat_copy 00000000     <absolute>
 0000:00000000       ___hybrid_code_map         00000000     <absolute>
 0000:00000000       ___hybrid_code_map_count   00000000     <absolute>
 0000:00000000       ___hybrid_image_info_bitfield 00000000     <absolute>
 0000:00000000       ___x64_code_ranges_to_entry_points 00000000     <absolute>
 0000:00000000       ___x64_code_ranges_to_entry_points_count 00000000     <absolute>
 0000:00000000       __except_list              00000000     <absolute>
 0000:00000100       ___guard_flags             00000100     <absolute>
 0000:00009876       __fltused                  00009876     <absolute>
 0000:00009876       __ldused                   00009876     <absolute>
 0000:00000000       ___ImageBase               10000000     <linker-defined>
 0001:00000000       ___ascii_isalpha           10001000 f   minicrt:string.obj
 0001:00000021       ___ascii_toupper           10001021 f   minicrt:string.obj
 0001:00000036       _strstr                    10001036 f   minicrt:string.obj
 0001:0000008a       _strtoul                   1000108a f   minicrt:string.obj
 0001:0000022f       _strrchr                   1000122f f   minicrt:strrchr.obj
 0001:00000280       __alloca_probe             10001280     minicrt:chkstk.obj
 0001:00000280       __chkstk                   10001280 f   minicrt:chkstk.obj
 0001:000002bd       _memcpy                    100012bd f   minicrt:memory.obj
 0001:000002e0       _memset                    100012e0 f   minicrt:memory.obj
 0001:00000890       _AssemblerShowDlg          10001890 f   assembler_dlg.obj
 0001:00004a90       _InitTabs                  10005a90 f   assembler_dlg_tabs.obj
 0001:00004cf0       _InitLoadTabs              10005cf0 f   assembler_dlg_tabs.obj
 0001:00004f60       _SyncTabs                  10005f60 f   assembler_dlg_tabs.obj
 0001:00005400       _NewTab                    10006400 f   assembler_dlg_tabs.obj
 0001:00005680       _CloseTabByIndex           10006680 f   assembler_dlg_tabs.obj
 0001:00005920       _OnTabChanged              10006920 f   assembler_dlg_tabs.obj
 0001:000059a0       _TabRenameEnd              100069a0 f   assembler_dlg_tabs.obj
 0001:00005c10       _LoadFileOfTab             10006c10 f   assembler_dlg_tabs.obj
 0001:00005e80       _SaveFileOfTab             10006e80 f   assembler_dlg_tabs.obj
 0001:000060b0       _LoadFileFromLibrary       100070b0 f   assembler_dlg_tabs.obj
 0001:000066a0       _DllMain@12                100076a0 f   main_common.obj
 0001:000066d0       _PluginInit                100076d0 f   main_common.obj
 0001:00006de0       __ODBG_Plugindata          10007de0 f   main_odbg.obj
 0001:00006e00       __ODBG_Plugininit          10007e00 f   main_odbg.obj
 0001:00006e90       __ODBG_Pluginmenu          10007e90 f   main_odbg.obj
 0001:00006ee0       __ODBG_Pluginaction        10007ee0 f   main_odbg.obj
 0001:000070b0       __ODBG_Pluginshortcut      100080b0 f   main_odbg.obj
 0001:00007170       __ODBG_Pluginclose         10008170 f   main_odbg.obj
 0001:00007190       __ODBG_Plugindestroy       10008190 f   main_odbg.obj
 0001:00007540       _ShowOptionsDlg            10008540 f   options_dlg.obj
 0001:000081e0       _MyGetintfromini           100091e0 f   plugin_odbg.obj
 0001:000082e0       _MyWriteinttoini           100092e0 f   plugin_odbg.obj
 0001:000083b0       _MyGetstringfromini        100093b0 f   plugin_odbg.obj
 0001:00008460       _MyWritestringtoini        10009460 f   plugin_odbg.obj
 0001:00008510       _AssembleShortest          10009510 f   plugin_odbg.obj
 0001:00008ad0       _DecodeGetType             10009ad0 f   plugin_odbg.obj
 0001:00008b40       _ReadAsm                   10009b40 f   read_asm.obj
 0001:0000b270       _WriteAsm                  1000c270 f   write_asm.obj
 0001:0000e7f2       __imp_load__InitCommonControlsEx@4 1000f7f2 f   comctl32:COMCTL32.dll
 0001:0000e7fc       __tailMerge_comctl32_dll   1000f7fc     comctl32:COMCTL32.dll
 0001:0000e80d       _DebugBreak@0              1000f80d f   kernel32:KERNEL32.dll
 0001:0000e871       ?DloadAcquireSectionWriteAccess@@YGXXZ 1000f871 f i delayimp:delayhlp.obj
 0001:0000e8b1       ?DloadGetSRWLockFunctionPointers@@YGEXZ 1000f8b1 f i delayimp:delayhlp.obj
 0001:0000e927       ?DloadLock@@YGXXZ          1000f927 f i delayimp:delayhlp.obj
 0001:0000e966       ?DloadMakePermanentImageCommit@@YGXPAXK@Z 1000f966 f i delayimp:delayhlp.obj
 0001:0000e9d5       ?DloadObtainSection@@YGPAXPAK0@Z 1000f9d5 f i delayimp:delayhlp.obj
 0001:0000ea55       ?DloadProtectSection@@YGXPAXKKPAK@Z 1000fa55 f i delayimp:delayhlp.obj
 0001:0000eafd       ?DloadReleaseSectionWriteAccess@@YGXXZ 1000fafd f i delayimp:delayhlp.obj
 0001:0000eb47       ?DloadUnlock@@YGXXZ        1000fb47 f i delayimp:delayhlp.obj
 0001:0000eb73       ?IsBufferInBounds@@YGEPAXK0K@Z 1000fb73 f i delayimp:delayhlp.obj
 0001:0000eba4       ___delayLoadHelper2@8      1000fba4 f   delayimp:delayhlp.obj
 0001:0000ee36       @_guard_check_icall_nop@4  1000fe36 f i odbccp32:guard_check.obj
 0002:00000000       __imp__ChooseColorA@4      10010000     comdlg32:COMDLG32.dll
 0002:00000004       __imp__ChooseFontA@4       10010004     comdlg32:COMDLG32.dll
 0002:00000008       __imp__FindTextA@4         10010008     comdlg32:COMDLG32.dll
 0002:0000000c       __imp__ReplaceTextA@4      1001000c     comdlg32:COMDLG32.dll
 0002:00000010       __imp__GetSaveFileNameA@4  10010010     comdlg32:COMDLG32.dll
 0002:00000014       __imp__CommDlgExtendedError@0 10010014     comdlg32:COMDLG32.dll
 0002:00000018       __imp__GetOpenFileNameA@4  10010018     comdlg32:COMDLG32.dll
 0002:0000001c       \177COMDLG32_NULL_THUNK_DATA 1001001c     comdlg32:COMDLG32.dll
 0002:00000020       __imp__GetDeviceCaps@8     10010020     gdi32:GDI32.dll
 0002:00000024       __imp__DeleteObject@4      10010024     gdi32:GDI32.dll
 0002:00000028       \177GDI32_NULL_THUNK_DATA  10010028     gdi32:GDI32.dll
 0002:0000002c       __imp__RaiseException@16   1001002c     kernel32:KERNEL32.dll
 0002:00000030       __imp__GetSystemInfo@4     10010030     kernel32:KERNEL32.dll
 0002:00000034       __imp__VirtualQuery@12     10010034     kernel32:KERNEL32.dll
 0002:00000038       __imp__GetModuleHandleW@4  10010038     kernel32:KERNEL32.dll
 0002:0000003c       __imp__GetCurrentThreadId@0 1001003c     kernel32:KERNEL32.dll
 0002:00000040       __imp__GetTickCount@0      10010040     kernel32:KERNEL32.dll
 0002:00000044       __imp__GetProcAddress@8    10010044     kernel32:KERNEL32.dll
 0002:00000048       __imp__HeapAlloc@12        10010048     kernel32:KERNEL32.dll
 0002:0000004c       __imp__GetProcessHeap@0    1001004c     kernel32:KERNEL32.dll
 0002:00000050       __imp__lstrcpynA@12        10010050     kernel32:KERNEL32.dll
 0002:00000054       __imp__HeapFree@12         10010054     kernel32:KERNEL32.dll
 0002:00000058       __imp__MultiByteToWideChar@24 10010058     kernel32:KERNEL32.dll
 0002:0000005c       __imp__WideCharToMultiByte@32 1001005c     kernel32:KERNEL32.dll
 0002:00000060       __imp__lstrcpyA@8          10010060     kernel32:KERNEL32.dll
 0002:00000064       __imp__lstrlenA@4          10010064     kernel32:KERNEL32.dll
 0002:00000068       __imp__GetTempPathA@8      10010068     kernel32:KERNEL32.dll
 0002:0000006c       __imp__lstrcatA@8          1001006c     kernel32:KERNEL32.dll
 0002:00000070       __imp__GetFileAttributesA@4 10010070     kernel32:KERNEL32.dll
 0002:00000074       __imp__DeleteFileA@4       10010074     kernel32:KERNEL32.dll
 0002:00000078       __imp__lstrcmpA@8          10010078     kernel32:KERNEL32.dll
 0002:0000007c       __imp__lstrcmpiA@8         1001007c     kernel32:KERNEL32.dll
 0002:00000080       __imp__MoveFileA@8         10010080     kernel32:KERNEL32.dll
 0002:00000084       __imp__CreateFileA@28      10010084     kernel32:KERNEL32.dll
 0002:00000088       __imp__GetFileSize@8       10010088     kernel32:KERNEL32.dll
 0002:0000008c       __imp__CloseHandle@4       1001008c     kernel32:KERNEL32.dll
 0002:00000090       __imp__ReadFile@20         10010090     kernel32:KERNEL32.dll
 0002:00000094       __imp__WriteFile@20        10010094     kernel32:KERNEL32.dll
 0002:00000098       __imp__GetPrivateProfileIntA@16 10010098     kernel32:KERNEL32.dll
 0002:0000009c       __imp__WritePrivateProfileStringA@16 1001009c     kernel32:KERNEL32.dll
 0002:000000a0       __imp__GetPrivateProfileStringA@24 100100a0     kernel32:KERNEL32.dll
 0002:000000a4       __imp__GetFullPathNameA@16 100100a4     kernel32:KERNEL32.dll
 0002:000000a8       __imp__CreateDirectoryA@8  100100a8     kernel32:KERNEL32.dll
 0002:000000ac       __imp__GetModuleFileNameA@12 100100ac     kernel32:KERNEL32.dll
 0002:000000b0       __imp__FindFirstFileA@8    100100b0     kernel32:KERNEL32.dll
 0002:000000b4       __imp__FindClose@4         100100b4     kernel32:KERNEL32.dll
 0002:000000b8       __imp__DisableThreadLibraryCalls@4 100100b8     kernel32:KERNEL32.dll
 0002:000000bc       __imp__LoadLibraryA@4      100100bc     kernel32:KERNEL32.dll
 0002:000000c0       __imp__FreeLibrary@4       100100c0     kernel32:KERNEL32.dll
 0002:000000c4       __imp__DebugBreak@0        100100c4     kernel32:KERNEL32.dll
 0002:000000c8       __imp__GetModuleHandleA@4  100100c8     kernel32:KERNEL32.dll
 0002:000000cc       __imp__ReadProcessMemory@20 100100cc     kernel32:KERNEL32.dll
 0002:000000d0       __imp__GetCurrentProcess@0 100100d0     kernel32:KERNEL32.dll
 0002:000000d4       __imp__GetLastError@0      100100d4     kernel32:KERNEL32.dll
 0002:000000d8       __imp__MulDiv@12           100100d8     kernel32:KERNEL32.dll
 0002:000000dc       __imp__VirtualProtect@16   100100dc     kernel32:KERNEL32.dll
 0002:000000e0       __imp__HeapReAlloc@16      100100e0     kernel32:KERNEL32.dll
 0002:000000e4       __imp__LoadLibraryExA@12   100100e4     kernel32:KERNEL32.dll
 0002:000000e8       \177KERNEL32_NULL_THUNK_DATA 100100e8     kernel32:KERNEL32.dll
 0002:000000ec       __imp__Getstatus           100100ec     ollydbg:OllyDbg.EXE
 0002:000000f0       __imp__Finddecode          100100f0     ollydbg:OllyDbg.EXE
 0002:000000f4       __imp__Dumpbackup          100100f4     ollydbg:OllyDbg.EXE
 0002:000000f8       __imp__Findmemory          100100f8     ollydbg:OllyDbg.EXE
 0002:000000fc       __imp__Findmodule          100100fc     ollydbg:OllyDbg.EXE
 0002:00000100       __imp__Plugingetvalue      10010100     ollydbg:OllyDbg.EXE
 0002:00000104       __imp__Deletenamerange     10010104     ollydbg:OllyDbg.EXE
 0002:00000108       __imp__Mergequicknames     10010108     ollydbg:OllyDbg.EXE
 0002:0000010c       __imp__Quickinsertname     1001010c     ollydbg:OllyDbg.EXE
 0002:00000110       __imp__Findname            10010110     ollydbg:OllyDbg.EXE
 0002:00000114       __imp__Findsymbolicname    10010114     ollydbg:OllyDbg.EXE
 0002:00000118       __imp__Writememory         10010118     ollydbg:OllyDbg.EXE
 0002:0000011c       __imp__Readmemory          1001011c     ollydbg:OllyDbg.EXE
 0002:00000120       __imp__Assemble            10010120     ollydbg:OllyDbg.EXE
 0002:00000124       __imp__Disasm              10010124     ollydbg:OllyDbg.EXE
 0002:00000128       __imp__Flash               10010128     ollydbg:OllyDbg.EXE
 0002:0000012c       __imp__Addtolist           1001012c     ollydbg:OllyDbg.EXE
 0002:00000130       \177OllyDbg_NULL_THUNK_DATA 10010130     ollydbg:OllyDbg.EXE
 0002:00000134       __imp__ShellExecuteA@24    10010134     shell32:SHELL32.dll
 0002:00000138       \177SHELL32_NULL_THUNK_DATA 10010138     shell32:SHELL32.dll
 0002:0000013c       __imp__GetWindowLongA@8    1001013c     user32:USER32.dll
 0002:00000140       __imp__PostMessageA@16     10010140     user32:USER32.dll
 0002:00000144       __imp__LoadMenuA@8         10010144     user32:USER32.dll
 0002:00000148       __imp__GetClientRect@8     10010148     user32:USER32.dll
 0002:0000014c       __imp__GetDlgItem@8        1001014c     user32:USER32.dll
 0002:00000150       __imp__DestroyWindow@4     10010150     user32:USER32.dll
 0002:00000154       __imp__SendDlgItemMessageA@20 10010154     user32:USER32.dll
 0002:00000158       __imp__PtInRect@12         10010158     user32:USER32.dll
 0002:0000015c       __imp__BeginDeferWindowPos@4 1001015c     user32:USER32.dll
 0002:00000160       __imp__EndDeferWindowPos@4 10010160     user32:USER32.dll
 0002:00000164       __imp__GetCaretPos@4       10010164     user32:USER32.dll
 0002:00000168       __imp__ClientToScreen@8    10010168     user32:USER32.dll
 0002:0000016c       __imp__GetSubMenu@8        1001016c     user32:USER32.dll
 0002:00000170       __imp__TrackPopupMenu@28   10010170     user32:USER32.dll
 0002:00000174       __imp__GetWindowRect@8     10010174     user32:USER32.dll
 0002:00000178       __imp__DestroyIcon@4       10010178     user32:USER32.dll
 0002:0000017c       __imp__DestroyMenu@4       1001017c     user32:USER32.dll
 0002:00000180       __imp__SetWindowPos@28     10010180     user32:USER32.dll
 0002:00000184       __imp__EnableMenuItem@12   10010184     user32:USER32.dll
 0002:00000188       __imp__IsWindowVisible@4   10010188     user32:USER32.dll
 0002:0000018c       __imp__SetWindowPlacement@8 1001018c     user32:USER32.dll
 0002:00000190       __imp__GetSystemMetrics@4  10010190     user32:USER32.dll
 0002:00000194       __imp__GetWindowPlacement@8 10010194     user32:USER32.dll
 0002:00000198       __imp__MapWindowPoints@16  10010198     user32:USER32.dll
 0002:0000019c       __imp__DeferWindowPos@32   1001019c     user32:USER32.dll
 0002:000001a0       __imp__EnableWindow@8      100101a0     user32:USER32.dll
 0002:000001a4       __imp__RegisterWindowMessageA@4 100101a4     user32:USER32.dll
 0002:000001a8       __imp__wsprintfA           100101a8     user32:USER32.dll
 0002:000001ac       __imp__GetCursorPos@4      100101ac     user32:USER32.dll
 0002:000001b0       __imp__GetParent@4         100101b0     user32:USER32.dll
 0002:000001b4       __imp__CallWindowProcA@20  100101b4     user32:USER32.dll
 0002:000001b8       __imp__ScreenToClient@8    100101b8     user32:USER32.dll
 0002:000001bc       __imp__RedrawWindow@16     100101bc     user32:USER32.dll
 0002:000001c0       __imp__MessageBoxIndirectA@4 100101c0     user32:USER32.dll
 0002:000001c4       __imp__SetWindowLongA@12   100101c4     user32:USER32.dll
 0002:000001c8       __imp__TranslateMDISysAccel@8 100101c8     user32:USER32.dll
 0002:000001cc       __imp__DialogBoxParamA@20  100101cc     user32:USER32.dll
 0002:000001d0       __imp__SetDlgItemTextA@12  100101d0     user32:USER32.dll
 0002:000001d4       __imp__GetDC@4             100101d4     user32:USER32.dll
 0002:000001d8       __imp__ReleaseDC@8         100101d8     user32:USER32.dll
 0002:000001dc       __imp__IsDlgButtonChecked@8 100101dc     user32:USER32.dll
 0002:000001e0       __imp__EndDialog@8         100101e0     user32:USER32.dll
 0002:000001e4       __imp__CheckDlgButton@12   100101e4     user32:USER32.dll
 0002:000001e8       __imp__SetPropA@12         100101e8     user32:USER32.dll
 0002:000001ec       __imp__RemovePropA@8       100101ec     user32:USER32.dll
 0002:000001f0       __imp__GetPropA@8          100101f0     user32:USER32.dll
 0002:000001f4       __imp__GetCapture@0        100101f4     user32:USER32.dll
 0002:000001f8       __imp__ReleaseCapture@0    100101f8     user32:USER32.dll
 0002:000001fc       __imp__ValidateRect@8      100101fc     user32:USER32.dll
 0002:00000200       __imp__DragDetect@12       10010200     user32:USER32.dll
 0002:00000204       __imp__SetCapture@4        10010204     user32:USER32.dll
 0002:00000208       __imp__FindWindowExA@16    10010208     user32:USER32.dll
 0002:0000020c       __imp__GetWindowTextA@12   1001020c     user32:USER32.dll
 0002:00000210       __imp__GetDlgCtrlID@4      10010210     user32:USER32.dll
 0002:00000214       __imp__CallNextHookEx@16   10010214     user32:USER32.dll
 0002:00000218       __imp__CreateWindowExA@48  10010218     user32:USER32.dll
 0002:0000021c       __imp__SetWindowsHookExA@16 1001021c     user32:USER32.dll
 0002:00000220       __imp__UnhookWindowsHookEx@4 10010220     user32:USER32.dll
 0002:00000224       __imp__GetFocus@0          10010224     user32:USER32.dll
 0002:00000228       __imp__CreateDialogParamA@20 10010228     user32:USER32.dll
 0002:0000022c       __imp__SetFocus@4          1001022c     user32:USER32.dll
 0002:00000230       __imp__mouse_event@20      10010230     user32:USER32.dll
 0002:00000234       __imp__keybd_event@16      10010234     user32:USER32.dll
 0002:00000238       __imp__ShowWindow@8        10010238     user32:USER32.dll
 0002:0000023c       __imp__IsIconic@4          1001023c     user32:USER32.dll
 0002:00000240       __imp__IsWindowEnabled@4   10010240     user32:USER32.dll
 0002:00000244       __imp__MessageBoxA@16      10010244     user32:USER32.dll
 0002:00000248       __imp__TranslateAcceleratorA@12 10010248     user32:USER32.dll
 0002:0000024c       __imp__GetActiveWindow@0   1001024c     user32:USER32.dll
 0002:00000250       __imp__IsDialogMessageA@8  10010250     user32:USER32.dll
 0002:00000254       __imp__GetKeyState@4       10010254     user32:USER32.dll
 0002:00000258       __imp__GetAsyncKeyState@4  10010258     user32:USER32.dll
 0002:0000025c       __imp__GetWindow@8         1001025c     user32:USER32.dll
 0002:00000260       __imp__SendMessageA@16     10010260     user32:USER32.dll
 0002:00000264       __imp__InvalidateRect@12   10010264     user32:USER32.dll
 0002:00000268       __imp__LoadAcceleratorsA@8 10010268     user32:USER32.dll
 0002:0000026c       __imp__IsWindow@4          1001026c     user32:USER32.dll
 0002:00000270       __imp__LoadImageA@24       10010270     user32:USER32.dll
 0002:00000274       \177USER32_NULL_THUNK_DATA 10010274     user32:USER32.dll
 0002:00000278       __imp__OleInitialize@4     10010278     ole32:ole32.dll
 0002:0000027c       __imp__OleUninitialize@0   1001027c     ole32:ole32.dll
 0002:00000280       \177ole32_NULL_THUNK_DATA  10010280     ole32:ole32.dll
 0002:00000284       ___guard_check_icall_fptr  10010284     odbccp32:guard_support.obj
 0002:00000290       __sz_COMCTL32_dll          10010290     comctl32:COMCTL32.dll
 0002:000002a0       ??_C@_1BK@DBDEIDLH@?$AAK?$AAE?$AAR?$AAN?$AAE?$AAL?$AA3?$AA2?$AA?4?$AAD?$AAL?$AAL@ 100102a0     delayimp:delayhlp.obj
 0002:000002bc       ??_C@_0BI@OMNLIJDB@AcquireSRWLockExclusive@ 100102bc     delayimp:delayhlp.obj
 0002:000002d4       ??_C@_0BI@HMIEPCNJ@ReleaseSRWLockExclusive@ 100102d4     delayimp:delayhlp.obj
 0002:000002ec       ___pfnDliNotifyHook2       100102ec     delayimp:delayhk2.obj
 0002:000002f0       ___pfnDliFailureHook2      100102f0     delayimp:delayhk1.obj
 0002:000002f4       ___bChangeProtectionOfWholeDloadSection 100102f4     delayimp:delaygv1.obj
 0002:000002f8       ??_C@_0ME@NDNAJFIL@ja?5jae?5jb?5jbe?5jc?5jcxz?5je?5jg?5jge@ 100102f8     assembler_dlg.obj
 0002:000003bc       ??_C@_04OMFAIDPG@call@     100103bc     assembler_dlg.obj
 0002:000003c4       ??_C@_0CM@BACMNIGN@ret?5retf?5retn?5iret?5iretd?5iretdf@ 100103c4     assembler_dlg.obj
 0002:000003f0       ??_C@_0BI@IOJNGPOM@nop?5int3?5int1?5icebp?5hlt@ 100103f0     assembler_dlg.obj
 0002:00000408       ??_C@_0FCH@CLJKALHO@aaa?5aad?5aam?5aas?5adc?5add?5and?5cbw@ 10010408     assembler_dlg.obj
 0002:00000930       ??_C@_0CMA@GHNCNJEE@f2xm1?5fabs?5fadd?5faddp?5fbld?5fbst@ 10010930     assembler_dlg.obj
 0002:00000bf0       ??_C@_0HFK@PHFOCGM@addpd?5addps?5addsd?5addss?5andpd?5a@ 10010bf0     assembler_dlg.obj
 0002:0000134c       ??_C@_0DD@LLIGGPMK@esp?5ebp?5eip?5rip?5sp?5bp?5ip?5cs?5ds?5@ 1001134c     assembler_dlg.obj
 0002:00001380       ??_C@_0BKB@MLOIPOED@ah?5al?5ax?5bh?5bl?5bx?5ch?5cl?5cx?5dh?5d@ 10011380     assembler_dlg.obj
 0002:00001524       ??_C@_0CM@KPOOFBPJ@byte?5word?5dword?5qword?5dqword?5db@ 10011524     assembler_dlg.obj
 0002:00001550       ??_C@_0BI@BLGDAFFI@ptr?5short?5long?5near?5far@ 10011550     assembler_dlg.obj
 0002:00001568       ??_C@_0CD@DPGLCL@Multiline?5Ultimate?5Assembler?5er@ 10011568     assembler_dlg.obj
 0002:0000158c       ??_C@_0BH@DPEOEDIP@Couldn?8t?5create?5dialog@ 1001158c     assembler_dlg.obj
 0002:000015a4       ??_C@_01ICJEACDI@?$DL@     100115a4     assembler_dlg.obj
 0002:000015a8       ??_C@_09JIMHCNEF@color_jmp@ 100115a8     assembler_dlg.obj
 0002:000015b4       ??_C@_0L@JNJMNBEE@color_call@ 100115b4     assembler_dlg.obj
 0002:000015c0       ??_C@_09GHBFMGIJ@color_ret@ 100115c0     assembler_dlg.obj
 0002:000015cc       ??_C@_09BECBGOHM@color_nop@ 100115cc     assembler_dlg.obj
 0002:000015d8       ??_C@_0BC@HEKNFAGA@color_reg_special@ 100115d8     assembler_dlg.obj
 0002:000015ec       ??_C@_09LLJIFGJL@color_fpu@ 100115ec     assembler_dlg.obj
 0002:000015f8       ??_C@_09LOCFJJIM@color_ext@ 100115f8     assembler_dlg.obj
 0002:00001604       ??_C@_0L@BOAPAEPL@color_type@ 10011604     assembler_dlg.obj
 0002:00001610       ??_C@_0M@DDFEHGHN@color_other@ 10011610     assembler_dlg.obj
 0002:0000161c       ??_C@_0N@KBPKLPJF@color_jmp_bg@ 1001161c     assembler_dlg.obj
 0002:0000162c       ??_C@_0O@OEIIPDGK@color_call_bg@ 1001162c     assembler_dlg.obj
 0002:0000163c       ??_C@_0N@OMBIEJJB@color_ret_bg@ 1001163c     assembler_dlg.obj
 0002:0000164c       ??_C@_0N@BIHNDKIN@color_nop_bg@ 1001164c     assembler_dlg.obj
 0002:0000165c       ??_C@_0BF@KIIKLEIP@color_reg_special_bg@ 1001165c     assembler_dlg.obj
 0002:00001674       ??_C@_0N@BBPCELNE@color_fpu_bg@ 10011674     assembler_dlg.obj
 0002:00001684       ??_C@_0N@PBCJPKJE@color_ext_bg@ 10011684     assembler_dlg.obj
 0002:00001694       ??_C@_0O@LPMDLJGA@color_type_bg@ 10011694     assembler_dlg.obj
 0002:000016a4       ??_C@_0P@LLMLENHH@color_other_bg@ 100116a4     assembler_dlg.obj
 0002:000016b4       ??_C@_0N@MLFIKEMD@color_reg_bg@ 100116b4     assembler_dlg.obj
 0002:000016c8       ??_C@_0FGL@PJMFJBLK@aaa?5aad?5aam?5aas?5adc?5add?5and?5cbw@ 100116c8     assembler_dlg.obj
 0002:00001c38       ??_C@_0BNE@EBLCGIOH@ah?5al?5ax?5bh?5bl?5bx?5ch?5cl?5cx?5dh?5d@ 10011c38     assembler_dlg.obj
 0002:00001e10       ??_C@_0EE@POKIGHOM@byte?5word?5dword?5qword?5dqword?5db@ 10011e10     assembler_dlg.obj
 0002:00001e58       ??_C@_0MJ@LJBFLNNL@ja?5jae?5jb?5jbe?5jc?5jcxz?5je?5jg?5jge@ 10011e58     assembler_dlg.obj
 0002:00001f24       ??_C@_05KHPBCGAA@pos_x@    10011f24     assembler_dlg.obj
 0002:00001f2c       ??_C@_05LOOKBHEB@pos_y@    10011f2c     assembler_dlg.obj
 0002:00001f34       ??_C@_05CAGJDKMP@pos_w@    10011f34     assembler_dlg.obj
 0002:00001f3c       ??_C@_05ONDDDEFB@pos_h@    10011f3c     assembler_dlg.obj
 0002:00001f44       ??_C@_0BE@HCHEOIBF@commdlg_FindReplace@ 10011f44     assembler_dlg.obj
 0002:00001f58       ??_C@_0BB@IDFILOOM@Cannot?5find?5?$CC?$CFs?$CC@ 10011f58     assembler_dlg.obj
 0002:00001f6c       ??_C@_04OLJIFFAL@Find@     10011f6c     assembler_dlg.obj
 0002:00001f74       ??_C@_0BN@JNLFPABJ@No?5occurrences?5were?5replaced@ 10011f74     assembler_dlg.obj
 0002:00001f94       ??_C@_0BK@GJEGCAIG@1?5occurrence?5was?5replaced@ 10011f94     assembler_dlg.obj
 0002:00001fb0       ??_C@_0BN@CDKLLPEJ@?$CFu?5occurrences?5were?5replaced@ 10011fb0     assembler_dlg.obj
 0002:00001fd0       ??_C@_0M@KNDNFOFG@Replace?5All@ 10011fd0     assembler_dlg.obj
 0002:00001fdc       ??_C@_0BF@FMEPBPDI@No?5process?5is?5loaded@ 10011fdc     assembler_dlg.obj
 0002:00001ff4       ??_C@_0BC@EALFJCBA@Allocation?5failed@ 10011ff4     assembler_dlg.obj
 0002:00002008       ??_C@_0BE@GOEJBAOB@Assembly?5Succeeded?$CB@ 10012008     assembler_dlg.obj
 0002:0000201c       ??_C@_09JOMNKBFE@tabs_path@ 1001201c     assembler_dlg_tabs.obj
 0002:00002028       ??_C@_0L@OHNPFKPM@?4?2multiasm@ 10012028     assembler_dlg_tabs.obj
 0002:00002034       ??_C@_0DJ@JEAHEPCD@Could?5not?5use?5specified?5directo@ 10012034     assembler_dlg_tabs.obj
 0002:00002070       ??_C@_08PHMOOECG@tabs?4ini@ 10012070     assembler_dlg_tabs.obj
 0002:0000207c       ??_C@_04HOGMCHDB@lib?2@    1001207c     assembler_dlg_tabs.obj
 0002:00002084       ??_C@_0N@GICDPLLD@tabs_counter@ 10012084     assembler_dlg_tabs.obj
 0002:00002094       ??_C@_0P@OBDPJOOJ@tabs_last_open@ 10012094     assembler_dlg_tabs.obj
 0002:000020a4       ??_C@_0O@IJECLIOI@tabs_file?$FL?$CFd?$FN@ 100120a4     assembler_dlg_tabs.obj
 0002:000020b4       ??_C@_04ECFCMKAC@?4asm@    100120b4     assembler_dlg_tabs.obj
 0002:000020bc       ??_C@_05DJLAFFPD@?5?$CI?$CFu?$CJ@ 100120bc     assembler_dlg_tabs.obj
 0002:000020c4       ??_C@_02GMHACPFF@?$CFu@    100120c4     assembler_dlg_tabs.obj
 0002:000020c7       ??_C@_00CNPNBAHC@@         100120c7     assembler_dlg_tabs.obj
 0002:000020c8       ??_C@_0BG@JGEIAFHH@Failed?5to?5delete?5file@ 100120c8     assembler_dlg_tabs.obj
 0002:000020e0       ??_C@_0CK@KKKICKB@Failed?5to?5delete?5one?5or?5more?5of@ 100120e0     assembler_dlg_tabs.obj
 0002:0000210c       ??_C@_0BI@JBJLDGPG@Such?5tab?5already?5exists@ 1001210c     assembler_dlg_tabs.obj
 0002:00002124       ??_C@_0BJ@LILCEKBA@Such?5file?5already?5exists@ 10012124     assembler_dlg_tabs.obj
 0002:00002140       ??_C@_0BG@EPIAOGFK@Failed?5to?5rename?5file@ 10012140     assembler_dlg_tabs.obj
 0002:00002158       ??_C@_0BP@BIEIGDMO@Could?5not?5read?5content?5of?5file@ 10012158     assembler_dlg_tabs.obj
 0002:00002178       ??_C@_0BJ@IKCNAAJ@Could?5not?5read?5file?5size@ 10012178     assembler_dlg_tabs.obj
 0002:00002194       ??_C@_0BJ@LFBPMJAD@Memory?5allocation?5failed@ 10012194     assembler_dlg_tabs.obj
 0002:000021b0       ??_C@_0BJ@HBCEFLHK@Could?5not?5read?5file?5data@ 100121b0     assembler_dlg_tabs.obj
 0002:000021cc       ??_C@_0BL@PPDPLLNE@Could?5not?5create?5directory@ 100121cc     assembler_dlg_tabs.obj
 0002:000021e8       ??_C@_0BP@MLBIGFAH@Could?5not?5save?5content?5to?5file@ 100121e8     assembler_dlg_tabs.obj
 0002:00002208       ??_C@_0BI@FNIDBNLC@Failed?5to?5write?5to?5file@ 10012208     assembler_dlg_tabs.obj
 0002:00002220       ??_C@_0DD@BOCELJIN@Assembler?5files?5?$CI?$CK?4asm?$CJ?$AA?$CK?4asm?$AAA@ 10012220     assembler_dlg_tabs.obj
 0002:00002254       ??_C@_0BE@LPCACCJA@Load?5code?5from?5file@ 10012254     assembler_dlg_tabs.obj
 0002:00002268       ??_C@_03NLMFHDGG@asm@      10012268     assembler_dlg_tabs.obj
 0002:0000226c       ??_C@_0DE@DGIPPHF@Could?5not?5read?5content?5of?5at?5le@ 1001226c     assembler_dlg_tabs.obj
 0002:000022a0       ??_C@_0EB@FANHBHCM@Our?5buffer?5is?5too?5small?5for?5you@ 100122a0     assembler_dlg_tabs.obj
 0002:000022e4       ??_C@_0BC@MFLLNIPO@Save?5code?5to?5file@ 100122e4     assembler_dlg_tabs.obj
 0002:000022f8       ??_C@_09MEHKOFDP@?2?1?3?$CK?$DP?$CC?$DM?$DO?$HM@ 100122f8     assembler_dlg_tabs.obj
 0002:00002304       ??_C@_04PJFEOLPA@tabs@     10012304     assembler_dlg_tabs.obj
 0002:0000230c       ??_C@_0N@OLBDIKGE@multiasm?4ini@ 1001230c     main_common.obj
 0002:00002320       ??_C@_0BEPM@CDKFHCGO@?$FLMultiline?5Ultimate?5Assembler?$FN?$AN@ 10012320     main_common.obj
 0002:0000381c       ??_C@_0BH@FIBNMAAI@OleInitialize?$CI?$CJ?5failed@ 1001381c     main_common.obj
 0002:00003834       ??_C@_0O@DEOGIPBA@Scintilla?4dll@ 10013834     main_common.obj
 0002:00003844       ??_C@_0BN@LKMGFLOH@Failed?5to?5load?5Scintilla?4dll@ 10013844     main_common.obj
 0002:00003864       ??_C@_0L@LCONHDBN@disasm_rva@ 10013864     main_common.obj
 0002:00003870       ??_C@_0BF@LADOEHIG@disasm_rva_reloconly@ 10013870     main_common.obj
 0002:00003888       ??_C@_0N@EIJNFEIA@disasm_label@ 10013888     main_common.obj
 0002:00003898       ??_C@_0O@MFIPGJEB@disasm_extjmp@ 10013898     main_common.obj
 0002:000038a8       ??_C@_0L@ICJHANH@disasm_hex@ 100138a8     main_common.obj
 0002:000038b4       ??_C@_0BA@KCMPOMDJ@disasm_labelgen@ 100138b4     main_common.obj
 0002:000038c4       ??_C@_0N@EMIKEDDL@asm_comments@ 100138c4     main_common.obj
 0002:000038d4       ??_C@_0L@BMBNHPOK@asm_labels@ 100138d4     main_common.obj
 0002:000038e0       ??_C@_0N@BOMCEFMI@edit_savepos@ 100138e0     main_common.obj
 0002:000038f0       ??_C@_0O@DONFHLJL@edit_tabwidth@ 100138f0     main_common.obj
 0002:00003900       ??_C@_09JONFMPID@font_name@ 10013900     main_common.obj
 0002:0000390c       ??_C@_0P@PPJHFMDD@Lucida?5Console@ 1001390c     main_common.obj
 0002:0000391c       ??_C@_09NKHIABKK@font_size@ 1001391c     main_common.obj
 0002:00003928       ??_C@_09KDCDAOMH@font_bold@ 10013928     main_common.obj
 0002:00003934       ??_C@_0M@DMOHENJK@font_italic@ 10013934     main_common.obj
 0002:00003940       ??_C@_0N@IOPCCJDN@font_charset@ 10013940     main_common.obj
 0002:00003950       ??_C@_0O@FOCHMPEF@bg_use_custom@ 10013950     main_common.obj
 0002:00003960       ??_C@_08NOKADADF@bg_color@ 10013960     main_common.obj
 0002:0000396c       ??_C@_09MLGBLFJK@color_cmd@ 1001396c     main_common.obj
 0002:00003978       ??_C@_0N@KBACMLAE@color_cmd_bg@ 10013978     main_common.obj
 0002:00003988       ??_C@_09GPKIHBL@color_reg@ 10013988     main_common.obj
 0002:00003994       ??_C@_0L@FGNFCCML@color_cmnt@ 10013994     main_common.obj
 0002:000039a0       ??_C@_09PKPMCEMG@color_num@ 100139a0     main_common.obj
 0002:000039ac       ??_C@_0BC@IHKAIPKA@color_jmp_line_bg@ 100139ac     main_common.obj
 0002:000039c0       ??_C@_0BD@EGHNKINH@color_call_line_bg@ 100139c0     main_common.obj
 0002:000039d4       ??_C@_0N@OEEPNDLG@multiasm?4chm@ 100139d4     main_common.obj
 0002:000039e8       ??_C@_0IC@FPPKBCAH@Multiline?5Ultimate?5Assembler?5v2@ 100139e8     main_common.obj
 0002:00003a6c       ??_C@_05BDOHFCKE@About@    10013a6c     main_common.obj
 0002:00003a78       __load_config_used         10013a78     main_common.obj
 0002:00003b3c       ??_C@_0BN@JECMPMHH@Multiline?5Ultimate?5Assembler@ 10013b3c     main_odbg.obj
 0002:00003b5c       ??_C@_0DM@LPCLPBCC@Couldn?8t?5register?5the?5PreTransl@ 10013b5c     main_odbg.obj
 0002:00003b98       ??_C@_0CE@PLNDLDOL@Multiline?5Ultimate?5Assembler?5v2@ 10013b98     main_odbg.obj
 0002:00003bbc       ??_C@_0BP@BJPICIPM@?5?5Copyright?5?$CIC?$CJ?5Ramen?5Software@ 10013bbc     main_odbg.obj
 0002:00003be0       ??_C@_0ED@HIOLIECI@0?5?$CGMultiline?5Ultimate?5Assembler@ 10013be0     main_odbg.obj
 0002:00003c24       ??_C@_0CN@CPBEFPA@0?5?$CGMultiline?5Ultimate?5Assembler@ 10013c24     main_odbg.obj
 0002:00003c54       ??_C@_0CM@OAPODGHE@Failed?5to?5open?5the?5?$CCmultiasm?4ch@ 10013c54     main_odbg.obj
 0002:00003c80       ??_C@_0BF@NNPHOAAF@TranslateMDISysAccel@ 10013c80     main_odbg.obj
 0002:00003c98       ??_C@_0L@GMPLCCII@user32?4dll@ 10013c98     main_odbg.obj
 0002:00003ca4       ??_C@_09JDGHINLE@?5?$CIItalic?$CJ@ 10013ca4     options_dlg.obj
 0002:00003cb0       ??_C@_07LMGDMKGM@?5?$CIBold?$CJ@ 10013cb0     options_dlg.obj
 0002:00003cb8       ??_C@_0N@GEPGPLDG@?$CFs?0?5?$CFdpt?$CFs?$CFs@ 10013cb8     options_dlg.obj
 0002:00003cc8       ??_C@_0BH@DILBJLBK@?$CIdisassembler?5default?$CJ@ 10013cc8     options_dlg.obj
 0002:00003ce0       ??_C@_04KJAIOINI@FFFE@     10013ce0     options_dlg.obj
 0002:00003ce8       ??_C@_05NKJCLJML@0FFFE@    10013ce8     options_dlg.obj
 0002:00003cf0       ??_C@_06KBEIGICO@0FFFEh@   10013cf0     options_dlg.obj
 0002:00003cf8       ??_C@_06LNFEOKEF@0xFFFE@   10013cf8     options_dlg.obj
 0002:00003d00       ??_C@_0L@LBJPPIEN@L?$FLcounter?$FN@ 10013d00     options_dlg.obj
 0002:00003d0c       ??_C@_0M@EMKBGKHJ@L_?$FLaddress?$FN@ 10013d0c     options_dlg.obj
 0002:00003d18       ??_C@_0BH@PPKLHPJE@L_?$FLtab_name?$FN_?$FLcounter?$FN@ 10013d18     options_dlg.obj
 0002:00003d30       ??_C@_01FDFGLJHB@2@        10013d30     options_dlg.obj
 0002:00003d34       ??_C@_01FAMBOPH@4@         10013d34     options_dlg.obj
 0002:00003d38       ??_C@_01KJLJFBPL@8@        10013d38     options_dlg.obj
 0002:00003d3c       ??_C@_06IMJBDBNO@0x?$CF08X@ 10013d3c     plugin_odbg.obj
 0002:00003d44       ??_C@_02DPKJAMEF@?$CFd@    10013d44     plugin_odbg.obj
 0002:00003d48       ??_C@_0CL@CPHKIHIL@Undefined?5operands?5allowed?5only@ 10013d48     plugin_odbg.obj
 0002:00003d74       ??_C@_0P@JNMBPJPI@Assemble?5error@ 10013d74     plugin_odbg.obj
 0002:00003d84       ??_C@_04GPIFAJG@LOCK@      10013d84     plugin_odbg.obj
 0002:00003d8c       ??_C@_03HDFFPFLF@REP@      10013d8c     plugin_odbg.obj
 0002:00003d90       ??_C@_0BL@NOPPMJDE@Could?5not?5read?5from?5memory@ 10013d90     read_asm.obj
 0002:00003dac       ??_C@_0CA@JGOBNHII@Disasm?5failed?5on?5address?50x?$CF08X@ 10013dac     read_asm.obj
 0002:00003dcc       ??_C@_0CG@MANAMHME@Couldn?8t?5parse?5data?5on?5address?5@ 10013dcc     read_asm.obj
 0002:00003df4       ??_C@_06MJJNOOCL@?2x?$CF04X@ 10013df4     read_asm.obj
 0002:00003dfc       ??_C@_06MNBAJCJJ@?2x?$CF02X@ 10013dfc     read_asm.obj
 0002:00003e04       ??_C@_0CI@HEJIHIEH@Could?5not?5read?5memory?5on?5addres@ 10013e04     read_asm.obj
 0002:00003e2c       ??_C@_05LHJNPFAF@L?$CF08u@ 10013e2c     read_asm.obj
 0002:00003e34       ??_C@_06LNPALOAP@L_?$CF08X@ 10013e34     read_asm.obj
 0002:00003e3c       ??_C@_09CFOMIDOI@L_?$CFs_?$CF08u@ 10013e3c     read_asm.obj
 0002:00003e48       ??_C@_0BN@OKNJKMPH@Couldn?8t?5make?5RVA?5label?5text@ 10013e48     read_asm.obj
 0002:00003e68       ??_C@_02DKCKIIND@?$CFs@    10013e68     read_asm.obj
 0002:00003e6c       ??_C@_05BFFHGHIN@?$DO?$AN?6?$AN?6@ 10013e6c     read_asm.obj
 0002:00003e74       ??_C@_06KCCKDIHO@?$EA?$CFs?3?$AN?6@ 10013e74     read_asm.obj
 0002:00003e7c       ??_C@_03JJCHMBFH@?7?$CFs@  10013e7c     read_asm.obj
 0002:00003e80       ??_C@_05FMGNDPN@?5?$DL?5?$CFs@ 10013e80     read_asm.obj
 0002:00003e88       ??_C@_06FDGAKNJH@$?$CC?$CFs?$CC?4@ 10013e88     read_asm.obj
 0002:00003e90       ??_C@_04MHMAABAP@$?$CFs?4@ 10013e90     read_asm.obj
 0002:00003e98       ??_C@_03EEHOBOPM@?$CFIX@   10013e98     read_asm.obj
 0002:00003e9c       ??_C@_04JIMNDDED@?$CF08X@  10013e9c     read_asm.obj
 0002:00003ea4       ??_C@_0O@IKCFLABM@TabCtrlExProp@ 10013ea4     tabctrl_ex.obj
 0002:00003eb4       ??_C@_0BA@HHHBMONL@msctls_updown32@ 10013eb4     tabctrl_ex.obj
 0002:00003ec4       ??_C@_04NABONMNG@edit@     10013ec4     tabctrl_ex.obj
 0002:00003ecc       ??_C@_0BP@LHNJANON@Empty?5code?5cave?5is?5not?5allowed@ 10013ecc     write_asm.obj
 0002:00003eec       ??_C@_0DD@NHNCPALP@The?5code?5cave?5block?5must?5follow@ 10013eec     write_asm.obj
 0002:00003f20       ??_C@_0BB@CAEKGME@Address?5expected@ 10013f20     write_asm.obj
 0002:00003f38       ??_C@_0EC@FEFCMBJK@End?5of?5code?5block?5exceeds?5the?5b@ 10013f38     write_asm.obj
 0002:00003f80       ??_C@_0EL@PNCECILB@The?5?$CBpad?5special?5command?5can?5on@ 10013f80     write_asm.obj
 0002:00003fcc       ??_C@_07JEDAPFNH@COMMENT@  10013fcc     write_asm.obj
 0002:00003fd4       ??_C@_0CG@GOCKBBH@Could?5not?5parse?5address?0?5?8?$DM?8?5ex@ 10013fd4     write_asm.obj
 0002:00003ffc       ??_C@_09CHIDKAHH@codecave?3@ 10013ffc     write_asm.obj
 0002:00004008       ??_C@_0BG@BDGOIIKH@Invalid?5codecave?5name@ 10014008     write_asm.obj
 0002:00004020       ??_C@_0CE@JAFCANGM@Invalid?5characters?5in?5codecave?5@ 10014020     write_asm.obj
 0002:00004044       ??_C@_0CH@LKPGFPBF@Could?5not?5parse?5codecave?0?5?8?$DO?8?5e@ 10014044     write_asm.obj
 0002:00004070       ??_C@_0EO@ENMHHLPO@The?5RVA?5base?5address?5of?5both?5th@ 10014070     write_asm.obj
 0002:000040c0       ??_C@_0DH@EOMIMJEI@The?5end?5address?5must?5be?5greater@ 100140c0     write_asm.obj
 0002:000040f8       ??_C@_0CG@OKNJDPII@Could?5not?5parse?5address?0?5?8?$DO?8?5ex@ 100140f8     write_asm.obj
 0002:00004120       ??_C@_0CO@OIPFOEHK@Could?5not?5parse?5anonymous?5label@ 10014120     write_asm.obj
 0002:00004150       ??_C@_0CE@JFEJIMIO@Could?5not?5parse?5label?0?5?8?$EA?8?5expe@ 10014150     write_asm.obj
 0002:00004174       ??_C@_0BG@HNPCPHHI@Could?5not?5parse?5label@ 10014174     write_asm.obj
 0002:0000418c       ??_C@_0CE@FLDEOFBL@Could?5not?5parse?5label?0?5?8?3?8?5expe@ 1001418c     write_asm.obj
 0002:000041b0       ??_C@_06LNOFJDNM@return@   100141b0     write_asm.obj
 0002:000041b8       ??_C@_0CE@FKOHCKAI@The?5label?5name?5?8return?8?5is?5rese@ 100141b8     write_asm.obj
 0002:000041dc       ??_C@_0BD@PFHNFBJG@Label?5redefinition@ 100141dc     write_asm.obj
 0002:000041f0       ??_C@_0CF@KEFKCOJN@Could?5not?5parse?5string?0?5?8?$CC?8?5exp@ 100141f0     write_asm.obj
 0002:00004218       ??_C@_0EH@LMEMOOLI@Could?5not?5parse?5string?0?5hex?5con@ 10014218     write_asm.obj
 0002:00004260       ??_C@_0DJ@FDKEHOGE@Could?5not?5parse?5string?0?5value?5i@ 10014260     write_asm.obj
 0002:0000429c       ??_C@_0DP@EKEJIANK@Could?5not?5parse?5string?0?5unrecog@ 1001429c     write_asm.obj
 0002:000042dc       ??_C@_0BO@BNBJJFGB@Empty?5strings?5are?5not?5allowed@ 100142dc     write_asm.obj
 0002:000042fc       ??_C@_0CJ@ONELGFBA@Unexpected?5input?5after?5string?5d@ 100142fc     write_asm.obj
 0002:00004328       ??_C@_0CF@GFDJJBIL@Could?5not?5parse?5string?0?5?8L?8?5exp@ 10014328     write_asm.obj
 0002:00004350       ??_C@_0DF@FEDCKDL@No?5more?5than?54?5RVA?5addresses?5al@ 10014350     write_asm.obj
 0002:00004388       ??_C@_0CO@MCCBHNAH@No?5more?5than?54?5labels?5allowed?5f@ 10014388     write_asm.obj
 0002:000043b8       ??_C@_0BM@MGEDFEFA@Internal?5disassembler?5error@ 100143b8     write_asm.obj
 0002:000043d4       ??_C@_0CO@OFHDHBFH@Could?5not?5parse?5special?5command@ 100143d4     write_asm.obj
 0002:00004404       ??_C@_0BI@NEPKGMAI@Unknown?5special?5command@ 10014404     write_asm.obj
 0002:0000441c       ??_C@_0CN@NEGFOEGF@Could?5not?5parse?5command?0?5whites@ 1001441c     write_asm.obj
 0002:0000444c       ??_C@_0CG@BDELFEKO@Unexpected?5input?5after?5end?5of?5c@ 1001444c     write_asm.obj
 0002:00004474       ??_C@_0CI@NPHOLKDN@Out?5of?5range?5error?0?5byte?5value?5@ 10014474     write_asm.obj
 0002:0000449c       ??_C@_0CH@CLMMGJHL@The?5align?5value?5must?5be?5greater@ 1001449c     write_asm.obj
 0002:000044c4       ??_C@_0CF@BHLHGDAP@The?5align?5value?5must?5be?5a?5power@ 100144c4     write_asm.obj
 0002:000044ec       ??_C@_0CK@OOPPMDD@Could?5not?5parse?5RVA?5address?0?5?8$@ 100144ec     write_asm.obj
 0002:00004518       ??_C@_0DN@MCGMEEFC@Could?5not?5parse?5RVA?5address?0?5th@ 10014518     write_asm.obj
 0002:00004558       ??_C@_0CK@OBNCFJND@Could?5not?5parse?5RVA?5address?0?5?8?$CC@ 10014558     write_asm.obj
 0002:00004584       ??_C@_0CK@OENIBEFC@Could?5not?5parse?5RVA?5address?0?5?8?4@ 10014584     write_asm.obj
 0002:000045b0       ??_C@_0BI@OGIGENCO@There?5is?5no?5module?5?$CC?$CFs?$CC@ 100145b0     write_asm.obj
 0002:000045c8       ??_C@_0ED@GJCNPAAO@Can?8t?5identify?5the?5module?5curre@ 100145c8     write_asm.obj
 0002:0000460c       ??_C@_0CI@OLOFNNLD@The?5RVA?5address?5exceeds?5the?5mod@ 1001460c     write_asm.obj
 0002:00004634       ??_C@_0BJ@FAKAJNDD@Could?5not?5parse?5constant@ 10014634     write_asm.obj
 0002:00004650       ??_C@_0CI@CDNNCOHE@Please?5don?8t?5mix?50xXXXX?5and?5XXX@ 10014650     write_asm.obj
 0002:00004678       ??_C@_0BG@JGOCJLC@Where?5are?5the?5labels?$DP@ 10014678     write_asm.obj
 0002:00004690       ??_C@_0BO@DHDGHMKM@The?5code?5cave?5was?5not?5defined@ 10014690     write_asm.obj
 0002:000046b0       ??_C@_0CE@IGLLGAKP@The?5anonymous?5label?5was?5not?5def@ 100146b0     write_asm.obj
 0002:000046d8       ??_C@_0EP@BGGHPIJD@The?5?$EAreturn?5label?5can?5only?5be?5u@ 100146d8     write_asm.obj
 0002:00004728       ??_C@_0BK@OPLEMCHE@The?5label?5was?5not?5defined@ 10014728     write_asm.obj
 0002:00004744       ??_C@_0CP@IPNCGNHB@Failed?5to?5find?5memory?5block?5for@ 10014744     write_asm.obj
 0002:00004778       ??_C@_0EA@MBEILIDH@End?5of?5code?5block?5exceeds?5end?5o@ 10014778     write_asm.obj
 0002:000047b8       ??_C@_0CJ@IOBGKIPC@Failed?5to?5write?5memory?5on?5addre@ 100147b8     write_asm.obj
 0002:000047e4       ??_C@_03KHICJKCI@?4?4?4@   100147e4     write_asm.obj
 0002:000047e8       ??_C@_0CI@GPPJFGGJ@Failed?5to?5set?5comment?5on?5addres@ 100147e8     write_asm.obj
 0002:00004810       ??_C@_0CG@NLGEFLJH@Failed?5to?5set?5label?5on?5address?5@ 10014810     write_asm.obj
 0002:00004838       ??_C@_05BJCAMMOA@0x?$CFIX@ 10014838     write_asm.obj
 0002:00004840       ??_C@_0CK@FLLLMHBE@Allocation?5failed?5during?5cave?5r@ 10014840     write_asm.obj
 0002:0000486c       ??_C@_0CN@MHEDIMLD@Failed?5to?5find?5memory?5block?5for@ 1001486c     write_asm.obj
 0002:0000489c       ??_C@_0CH@FHBIKOEO@Allocation?5failed?5during?5cave?5s@ 1001489c     write_asm.obj
 0002:000048c4       ??_C@_0DB@PHOKOMJM@No?5suitable?5code?5cave?5found?5of?5@ 100148c4     write_asm.obj
 0002:000048f8       __real@3fbd2f1a9fbe76c9    100148f8     assembler_dlg.obj
 0002:00004900       __real@3fd322d0e5604189    10014900     assembler_dlg.obj
 0002:00004908       __real@3fe2c8b439581062    10014908     assembler_dlg.obj
 0002:00004910       __real@4060000000000000    10014910     assembler_dlg.obj
 0002:00004980       __DELAY_IMPORT_DESCRIPTOR_comctl32_dll 10014980     comctl32:COMCTL32.dll
 0002:000049a0       __NULL_DELAY_IMPORT_DESCRIPTOR 100149a0     comctl32:COMCTL32.dll
 0002:000049c4       \177COMCTL32_NULL_THUNK_DATA_DLN 100149c4     comctl32:COMCTL32.dll
 0002:000049e4       \177COMCTL32_NULL_THUNK_DATA_DLB 100149e4     comctl32:COMCTL32.dll
 0002:00004c0c       ___volatile_metadata       10014c0c     <linker-defined>
 0002:00004de4       __IMPORT_DESCRIPTOR_OllyDbg 10014de4     ollydbg:OllyDbg.EXE
 0002:00004df8       __IMPORT_DESCRIPTOR_KERNEL32 10014df8     kernel32:KERNEL32.dll
 0002:00004e0c       __IMPORT_DESCRIPTOR_USER32 10014e0c     user32:USER32.dll
 0002:00004e20       __IMPORT_DESCRIPTOR_GDI32  10014e20     gdi32:GDI32.dll
 0002:00004e34       __IMPORT_DESCRIPTOR_COMDLG32 10014e34     comdlg32:COMDLG32.dll
 0002:00004e48       __IMPORT_DESCRIPTOR_SHELL32 10014e48     shell32:SHELL32.dll
 0002:00004e5c       __IMPORT_DESCRIPTOR_ole32  10014e5c     ole32:ole32.dll
 0002:00004e70       __NULL_IMPORT_DESCRIPTOR   10014e70     ollydbg:OllyDbg.EXE
 0003:00000150       __imp__InitCommonControlsEx@4 10016150     comctl32:COMCTL32.dll
 0003:00000154       \177COMCTL32_NULL_THUNK_DATA_DLA 10016154     comctl32:COMCTL32.dll
 0003:00000160       __hmod__COMCTL32_dll       10016160     comctl32:COMCTL32.dll
 0003:00000164       ?DloadKernel32@@3PAUHINSTANCE__@@A 10016164     delayimp:delayhlp.obj
 0003:00000168       ?DloadAcquireSRWLockExclusive@@3P6GXPAK@ZA 10016168     delayimp:delayhlp.obj
 0003:0000016c       ?DloadReleaseSRWLockExclusive@@3P6GXPAK@ZA 1001616c     delayimp:delayhlp.obj
 0003:00000170       ?DloadSrwLock@@3KA         10016170     delayimp:delayhlp.obj
 0003:00000174       ?DloadSectionLockCount@@3KA 10016174     delayimp:delayhlp.obj
 0003:00000178       ?DloadSectionOldProtection@@3KA 10016178     delayimp:delayhlp.obj
 0003:0000017c       ?DloadSectionCommitPermanent@@3KA 1001617c     delayimp:delayhlp.obj
 0003:000006ac       ___@@_PchSym_@00@UfhvihUzwnrmrhgizgliUwvhpglkUxlwvcUnfogrUeIUivovzhvUivovzhvPlwytUhgwzucOlyq@4B2008FD98C1DD4 100166ac     <common>
 0003:000006b0       _hwollymain                100166b0     <common>
 0003:000006b4       _hDllInst                  100166b4     <common>
 0003:000006c0       _options                   100166c0     <common>

 entry point at        0001:000066a0

 Static symbols

 0001:000000a2       _strtoxl                   100010a2 f   minicrt:string.obj
 0001:00000256       _prTranslateMDISysAccel    10001256     main_odbg.obj
 0001:00000310       _IsKeyword                 10001310 f   assembler_dlg.obj
 0001:000003d0       _DoCustomStyling           100013d0 f   assembler_dlg.obj
 0001:000007f0       _RefreshAllWordHighlights  100017f0 f   assembler_dlg.obj
 0001:00000990       _DlgAsmProc@16             10001990 f   assembler_dlg.obj
 0001:000028e4       $LN369                     100038e4     assembler_dlg.obj
 0001:00002908       $LN368                     10003908     assembler_dlg.obj
 0001:0000298c       $LN370                     1000398c     assembler_dlg.obj
 0001:000029e4       $LN372                     100039e4     assembler_dlg.obj
 0001:000029f8       $LN371                     100039f8     assembler_dlg.obj
 0001:00002a5c       $LN373                     10003a5c     assembler_dlg.obj
 0001:00002a80       _SetScintillaDesign        10003a80 f   assembler_dlg.obj
 0001:00003e10       _LoadWindowPos             10004e10 f   assembler_dlg.obj
 0001:00003ff0       _AsmDlgMessageBox          10004ff0 f   assembler_dlg.obj
 0001:000040b0       _DoFindCustom              100050b0 f   assembler_dlg.obj
 0001:000041b0       _LoadCode                  100051b0 f   assembler_dlg.obj
 0001:00004360       _PatchCode                 10005360 f   assembler_dlg.obj
 0001:00004590       _ScintillaSubclassProc@16  10005590 f   assembler_dlg.obj
 0001:000063f0       _FindTabByLabel            100073f0 f   assembler_dlg_tabs.obj
 0001:00006470       _WriteIntToPrivateIni      10007470 f   assembler_dlg_tabs.obj
 0001:00006520       _MakeSureDirectoryExists   10007520 f   assembler_dlg_tabs.obj
 0001:00007098       $LN43                      10008098     main_odbg.obj
 0001:00007230       _RegisterPreTranslateMessage 10008230 f   main_odbg.obj
 0001:00007400       _TranslateMDISysAccelHook@8 10008400 f   main_odbg.obj
 0001:00007590       _DlgOptionsProc@16         10008590 f   options_dlg.obj
 0001:00007cf0       $LN57                      10008cf0     options_dlg.obj
 0001:00007d18       $LN56                      10008d18     options_dlg.obj
 0001:00007d30       _OptionsToDlg              10008d30 f   options_dlg.obj
 0001:00007ee0       _OptionsToIni              10008ee0 f   options_dlg.obj
 0001:00008650       _FixAsmCommand             10009650 f   plugin_odbg.obj
 0001:000087a0       _SkipCommandName           100097a0 f   plugin_odbg.obj
 0001:00008908       $LN86                      10009908     plugin_odbg.obj
 0001:00008914       $LN85                      10009914     plugin_odbg.obj
 0001:00008940       _FixedAsmCorrectErrorSpot  10009940 f   plugin_odbg.obj
 0001:000089b0       _FindNextHexNumberStartingWithALetter 100099b0 f   plugin_odbg.obj
 0001:00008b00       $LN17                      10009b00     plugin_odbg.obj
 0001:00008b18       $LN16                      10009b18     plugin_odbg.obj
 0001:00009198       $LN197                     1000a198     read_asm.obj
 0001:000091b0       $LN196                     1000a1b0     read_asm.obj
 0001:000091d0       $LN198                     1000a1d0     read_asm.obj
 0001:000091f0       _ProcessCommand            1000a1f0 f   read_asm.obj
 0001:00009320       _ProcessData               1000a320 f   read_asm.obj
 0001:000096b8       $LN169                     1000a6b8     read_asm.obj
 0001:000096c0       $LN168                     1000a6c0     read_asm.obj
 0001:000096d0       $LN171                     1000a6d0     read_asm.obj
 0001:000096d8       $LN170                     1000a6d8     read_asm.obj
 0001:000096e8       $LN173                     1000a6e8     read_asm.obj
 0001:00009710       $LN172                     1000a710     read_asm.obj
 0001:00009770       $LN175                     1000a770     read_asm.obj
 0001:00009798       $LN174                     1000a798     read_asm.obj
 0001:00009800       _ProcessExternalCode       1000a800 f   read_asm.obj
 0001:000099d0       _CreateAndSetLabels        1000a9d0 f   read_asm.obj
 0001:00009d00       _MakeText                  1000ad00 f   read_asm.obj
 0001:0000a070       _CopyCommand               1000b070 f   read_asm.obj
 0001:0000a2a0       _ReplaceAddressWithText    1000b2a0 f   read_asm.obj
 0001:0000a570       _SkipCommandName           1000b570 f   read_asm.obj
 0001:0000a6cc       $LN84                      1000b6cc     read_asm.obj
 0001:0000a6d8       $LN83                      1000b6d8     read_asm.obj
 0001:0000a720       _TabCtrlSubclassProc@16    1000b720 f   tabctrl_ex.obj
 0001:0000b070       $LN127                     1000c070     tabctrl_ex.obj
 0001:0000b084       $LN126                     1000c084     tabctrl_ex.obj
 0001:0000b0f4       $LN128                     1000c0f4     tabctrl_ex.obj
 0001:0000b114       $LN130                     1000c114     tabctrl_ex.obj
 0001:0000b11c       $LN129                     1000c11c     tabctrl_ex.obj
 0001:0000b130       _EditCtrlSubclassProc@16   1000c130 f   tabctrl_ex.obj
 0001:0000b1d0       _EditLabelMouseProc@12     1000c1d0 f   tabctrl_ex.obj
 0001:0000bd80       _TextToData                1000cd80 f   write_asm.obj
 0001:0000c170       _LabelToData               1000d170 f   write_asm.obj
 0001:0000c2f0       _SpecialCommandToData      1000d2f0 f   write_asm.obj
 0001:0000c690       _ParseAddress              1000d690 f   write_asm.obj
 0001:0000ca30       _ParseLabel                1000da30 f   write_asm.obj
 0001:0000cc30       _ParseAsciiString          1000dc30 f   write_asm.obj
 0001:0000cf64       $LN115                     1000df64     write_asm.obj
 0001:0000cf70       $LN114                     1000df70     write_asm.obj
 0001:0000cfc8       $LN117                     1000dfc8     write_asm.obj
 0001:0000cff4       $LN116                     1000dff4     write_asm.obj
 0001:0000d050       _ParseUnicodeString        1000e050 f   write_asm.obj
 0001:0000d4bc       $LN118                     1000e4bc     write_asm.obj
 0001:0000d4c8       $LN117                     1000e4c8     write_asm.obj
 0001:0000d520       $LN120                     1000e520     write_asm.obj
 0001:0000d54c       $LN119                     1000e54c     write_asm.obj
 0001:0000d5b0       _ParseCommand              1000e5b0 f   write_asm.obj
 0001:0000d7d0       _ResolveCommand            1000e7d0 f   write_asm.obj
 0001:0000d8f0       _ReplaceLabelsWithFooAddress 1000e8f0 f   write_asm.obj
 0001:0000da20       _ParseRVAAddress           1000ea20 f   write_asm.obj
 0001:0000dd40       _ParseDWORDPtr             1000ed40 f   write_asm.obj
 0001:0000de70       _ReplaceLabelsFromList     1000ee70 f   write_asm.obj
 0001:0000e220       _ReplaceTextsWithAddresses 1000f220 f   write_asm.obj
 0001:0000e3a0       _ReplacedTextCorrectErrorSpot 1000f3a0 f   write_asm.obj
 0001:0000e520       _GetSectionRawSize         1000f520 f   write_asm.obj
 0001:0000e680       _FindCodeCave              1000f680 f   write_asm.obj
 0001:0000e813       ??$GuardedWrite@V<lambda_1>@?1??__delayLoadHelper2@@YGP6GHXZPBUImgDelayDescr@@PAP6GHXZ@Z@@@YGXPAXKV<lambda_1>@?1??__delayLoadHelper2@@YGP6GHXZPBUImgDelayDescr@@PAP6GHXZ@Z@@Z 1000f813 f   delayimp:delayhlp.obj
 0002:00004af0       .edata                     10014af0     multiasm_odbg.exp
 0002:00004b18       rgpv                       10014b18     multiasm_odbg.exp
 0002:00004b38       rgszName                   10014b38     multiasm_odbg.exp
 0002:00004b58       rgwOrd                     10014b58     multiasm_odbg.exp
 0002:00004b68       szName                     10014b68     multiasm_odbg.exp
 0002:00004b7a       $N00001                    10014b7a     multiasm_odbg.exp
 0002:00004b89       $N00002                    10014b89     multiasm_odbg.exp
 0002:00004b9c       $N00003                    10014b9c     multiasm_odbg.exp
 0002:00004bae       $N00004                    10014bae     multiasm_odbg.exp
 0002:00004bbf       $N00005                    10014bbf     multiasm_odbg.exp
 0002:00004bd3       $N00006                    10014bd3     multiasm_odbg.exp
 0002:00004be4       $N00007                    10014be4     multiasm_odbg.exp
 0002:00004bf5       $N00008                    10014bf5     multiasm_odbg.exp
 0002:00005108       .idata$6                   10015108     ollydbg:OllyDbg.EXE
 0002:000053c6       .idata$6                   100153c6     kernel32:KERNEL32.dll
 0002:000058e4       .idata$6                   100158e4     user32:USER32.dll
 0002:00005910       .idata$6                   10015910     gdi32:GDI32.dll
 0002:00005994       .idata$6                   10015994     comdlg32:COMDLG32.dll
 0002:000059b2       .idata$6                   100159b2     shell32:SHELL32.dll
 0002:000059e0       .idata$6                   100159e0     ole32:ole32.dll
 0003:00000000       ?spaces@?1??isspace@@9@9   10016000     minicrt:string.obj
 0003:00000100       _s_backupSelStart          10016100     assembler_dlg.obj
 0003:00000104       _s_backupSelEnd            10016104     assembler_dlg.obj
 0003:00000108       ?acrCustColors@?1??ChooseColor_Dlg@@9@9 10016108     options_dlg.obj
 0003:00000180       _hAccelerators             10016180     assembler_dlg.obj
 0003:00000184       _hAsmDlg                   10016184     assembler_dlg.obj
 0003:00000188       _AsmDlgParam               10016188     assembler_dlg.obj
 0003:000002e4       _wpOrigScintillaProc       100162e4     assembler_dlg.obj
 0003:000002e8       _bInStyling                100162e8     assembler_dlg.obj
 0003:000002ec       ?s_bInterceptRButton@?1??ScintillaSubclassProc@@9@9 100162ec     assembler_dlg.obj
 0003:000002f0       _hPostErrorWnd             100162f0     assembler_dlg_tabs.obj
 0003:000002f4       _uPostErrorMsg             100162f4     assembler_dlg_tabs.obj
 0003:000002f8       _szTabFilesPath            100162f8     assembler_dlg_tabs.obj
 0003:000003fc       _nTabsCreatedCounter       100163fc     assembler_dlg_tabs.obj
 0003:00000400       _szConfigFilePath          10016400     assembler_dlg_tabs.obj
 0003:00000504       _hScintillaDLL             10016504     main_common.obj
 0003:00000508       _szLibraryFilePath         10016508     assembler_dlg_tabs.obj
 0003:0000060c       _ftConfigLastWriteTime     1001660c     assembler_dlg_tabs.obj
 0003:00000614       _ftCurrentTabLastWriteTime 10016614     assembler_dlg_tabs.obj
 0003:0000061c       _ppTranslateMDISysAccel    1001661c     main_odbg.obj
 0003:00000620       _temp_options              10016620     options_dlg.obj
 0003:0000069c       _g_hEditingTabCtrlWnd      1001669c     tabctrl_ex.obj
 0003:000006a0       _g_hEditCtrlWnd            100166a0     tabctrl_ex.obj
 0003:000006a4       _g_pOldEditCtrlProc        100166a4     tabctrl_ex.obj
 0003:000006a8       _g_hLabelEditMouseHook     100166a8     tabctrl_ex.obj
 0004:00000210       $R000000                   10017210     rsrc.res
 0004:00000678       $R000468                   10017678     rsrc.res
 0004:00001720       $R001510                   10018720     rsrc.res
 0004:00003cc8       $R003AB8                   1001acc8     rsrc.res
 0004:00003cf8       $R003AE8                   1001acf8     rsrc.res
 0004:00003da0       $R003B90                   1001ada0     rsrc.res
 0004:00003ee8       $R003CD8                   1001aee8     rsrc.res
 0004:00004610       $R004400                   1001b610     rsrc.res
