 multiasm_x64dbg

 Timestamp is 6a6a2665 (Thu Jul 30 01:12:21 2026)

 Preferred load address is 10000000

 Start         Length     Name                   Class
 0001:00000000 000002b0H .text                   CODE
 0001:000002b0 0000dbefH .text$mn                CODE
 0002:00000000 0000029cH .idata$5                DATA
 0002:0000029c 00000004H .00cfg                  DATA
 0002:000002a0 00000000H .gfids$y                DATA
 0002:000002a0 000047a0H .rdata                  DATA
 0002:00004a40 00000000H .rdata$CastGuardVftablesA DATA
 0002:00004a40 00000000H .rdata$CastGuardVftablesC DATA
 0002:00004a40 00000020H .didat$2                DATA
 0002:00004a60 00000020H .didat$3                DATA
 0002:00004a80 0000000cH .didat$4                DATA
 0002:00004a8c 00000018H .didat$6                DATA
 0002:00004aa4 0000011cH .didat$7                DATA
 0002:00004bc0 000000bcH .edata                  DATA
 0002:00004c7c 0000002cH .rdata$voltmd           DATA
 0002:00004ca8 000001acH .rdata$zzzdbg           DATA
 0002:00004e54 000000a0H .idata$2                DATA
 0002:00004ef4 00000014H .idata$3                DATA
 0002:00004f08 0000029cH .idata$4                DATA
 0002:000051a4 00000b10H .idata$6                DATA
 0003:00000000 00000150H .data                   DATA
 0003:00000150 00000010H .didat$5                DATA
 0003:00000160 000005dcH .bss                    DATA
 0004:00000000 00000260H .rsrc$01                DATA
 0004:00000260 00004928H .rsrc$02                DATA

  Address         Publics by Value              Rva+Base       Lib:Object

 0000:00000000       ___AbsoluteZero            00000000     <absolute>
 0000:00000000       ___arm64x_extra_rfe_table  00000000     <absolute>
 0000:00000000       ___arm64x_extra_rfe_table_size 00000000     <absolute>
 0000:00000000       ___arm64x_native_entrypoint 00000000     <absolute>
 0000:00000000       ___arm64x_redirection_metadata 00000000     <absolute>
 0000:00000000       ___arm64x_redirection_metadata_count 00000000     <absolute>
 0000:00000000       ___dynamic_value_reloc_table 00000000     <absolute>
 0000:00000000       ___enclave_config          00000000     <absolute>
 0000:00000000       ___guard_check_icall_a64n_fptr 00000000     <absolute>
 0000:00000000       ___guard_eh_cont_count     00000000     <absolute>
 0000:00000000       ___guard_eh_cont_table     00000000     <absolute>
 0000:00000000       ___guard_fids_count        00000000     <absolute>
 0000:00000000       ___guard_fids_table        00000000     <absolute>
 0000:00000000       ___guard_iat_count         00000000     <absolute>
 0000:00000000       ___guard_iat_table         00000000     <absolute>
 0000:00000000       ___guard_longjmp_count     00000000     <absolute>
 0000:00000000       ___guard_longjmp_table     00000000     <absolute>
 0000:00000000       ___hybrid_auxiliary_delayload_iat 00000000     <absolute>
 0000:00000000       ___hybrid_auxiliary_delayload_iat_copy 00000000     <absolute>
 0000:00000000       ___hybrid_auxiliary_iat    00000000     <absolute>
 0000:00000000       ___hybrid_auxiliary_iat_copy 00000000     <absolute>
 0000:00000000       ___hybrid_code_map         00000000     <absolute>
 0000:00000000       ___hybrid_code_map_count   00000000     <absolute>
 0000:00000000       ___hybrid_image_info_bitfield 00000000     <absolute>
 0000:00000000       ___x64_code_ranges_to_entry_points 00000000     <absolute>
 0000:00000000       ___x64_code_ranges_to_entry_points_count 00000000     <absolute>
 0000:00000000       __except_list              00000000     <absolute>
 0000:00000100       ___guard_flags             00000100     <absolute>
 0000:00009876       __fltused                  00009876     <absolute>
 0000:00009876       __ldused                   00009876     <absolute>
 0000:00000000       ___ImageBase               10000000     <linker-defined>
 0001:00000000       ___ascii_isalpha           10001000 f   minicrt:string.obj
 0001:00000021       ___ascii_toupper           10001021 f   minicrt:string.obj
 0001:00000036       _strstr                    10001036 f   minicrt:string.obj
 0001:0000008a       _strtoul                   1000108a f   minicrt:string.obj
 0001:0000022f       _strrchr                   1000122f f   minicrt:strrchr.obj
 0001:00000256       _memcpy                    10001256 f   minicrt:memory.obj
 0001:00000279       _memset                    10001279 f   minicrt:memory.obj
 0001:00000830       _AssemblerShowDlg          10001830 f   assembler_dlg.obj
 0001:00000930       _AssemblerCloseDlg         10001930 f   assembler_dlg.obj
 0001:000048d0       _InitTabs                  100058d0 f   assembler_dlg_tabs.obj
 0001:00004b30       _InitLoadTabs              10005b30 f   assembler_dlg_tabs.obj
 0001:00004d90       _SyncTabs                  10005d90 f   assembler_dlg_tabs.obj
 0001:00005230       _NewTab                    10006230 f   assembler_dlg_tabs.obj
 0001:000054b0       _CloseTabByIndex           100064b0 f   assembler_dlg_tabs.obj
 0001:00005750       _OnTabChanged              10006750 f   assembler_dlg_tabs.obj
 0001:000057d0       _TabRenameEnd              100067d0 f   assembler_dlg_tabs.obj
 0001:00005a40       _LoadFileOfTab             10006a40 f   assembler_dlg_tabs.obj
 0001:00005ca0       _SaveFileOfTab             10006ca0 f   assembler_dlg_tabs.obj
 0001:00005ed0       _LoadFileFromLibrary       10006ed0 f   assembler_dlg_tabs.obj
 0001:000064c0       _DllMain@12                100074c0 f   main_common.obj
 0001:000064f0       _PluginInit                100074f0 f   main_common.obj
 0001:00006c50       _AboutMessageBoxCallback@20 10007c50 f   main_common.obj
 0001:00006c90       _plugsetup                 10007c90 f   main_x64dbg.obj
 0001:00006dc0       _pluginit                  10007dc0 f   main_x64dbg.obj
 0001:00006e90       _plugstop                  10007e90 f   main_x64dbg.obj
 0001:00006f20       _CBWINEVENT                10007f20 f   main_x64dbg.obj
 0001:00007060       _CBMENUENTRY               10008060 f   main_x64dbg.obj
 0001:00007370       _ShowOptionsDlg            10008370 f   options_dlg.obj
 0001:00008000       _MyGetintfromini           10009000 f   plugin_x64dbg.obj
 0001:00008100       _MyWriteinttoini           10009100 f   plugin_x64dbg.obj
 0001:000081d0       _MyGetstringfromini        100091d0 f   plugin_x64dbg.obj
 0001:00008280       _MyWritestringtoini        10009280 f   plugin_x64dbg.obj
 0001:00008330       _SimpleDisasm              10009330 f   plugin_x64dbg.obj
 0001:00008470       _ReadAsm                   10009470 f   read_asm.obj
 0001:0000a650       _WriteAsm                  1000b650 f   write_asm.obj
 0001:0000d855       __imp_load__InitCommonControlsEx@4 1000e855 f   comctl32:COMCTL32.dll
 0001:0000d85f       __tailMerge_comctl32_dll   1000e85f     comctl32:COMCTL32.dll
 0001:0000d870       __imp_load__TaskDialogIndirect@16 1000e870 f   comctl32:COMCTL32.dll
 0001:0000d8d8       ?DloadAcquireSectionWriteAccess@@YGXXZ 1000e8d8 f i delayimp:delayhlp.obj
 0001:0000d918       ?DloadGetSRWLockFunctionPointers@@YGEXZ 1000e918 f i delayimp:delayhlp.obj
 0001:0000d98e       ?DloadLock@@YGXXZ          1000e98e f i delayimp:delayhlp.obj
 0001:0000d9cd       ?DloadMakePermanentImageCommit@@YGXPAXK@Z 1000e9cd f i delayimp:delayhlp.obj
 0001:0000da3c       ?DloadObtainSection@@YGPAXPAK0@Z 1000ea3c f i delayimp:delayhlp.obj
 0001:0000dabc       ?DloadProtectSection@@YGXPAXKKPAK@Z 1000eabc f i delayimp:delayhlp.obj
 0001:0000db64       ?DloadReleaseSectionWriteAccess@@YGXXZ 1000eb64 f i delayimp:delayhlp.obj
 0001:0000dbae       ?DloadUnlock@@YGXXZ        1000ebae f i delayimp:delayhlp.obj
 0001:0000dbda       ?IsBufferInBounds@@YGEPAXK0K@Z 1000ebda f i delayimp:delayhlp.obj
 0001:0000dc0b       ___delayLoadHelper2@8      1000ec0b f   delayimp:delayhlp.obj
 0001:0000de9c       @_guard_check_icall_nop@4  1000ee9c f i odbccp32:guard_check.obj
 0002:00000000       __imp__ChooseColorA@4      1000f000     comdlg32:COMDLG32.dll
 0002:00000004       __imp__ChooseFontA@4       1000f004     comdlg32:COMDLG32.dll
 0002:00000008       __imp__FindTextA@4         1000f008     comdlg32:COMDLG32.dll
 0002:0000000c       __imp__ReplaceTextA@4      1000f00c     comdlg32:COMDLG32.dll
 0002:00000010       __imp__GetOpenFileNameA@4  1000f010     comdlg32:COMDLG32.dll
 0002:00000014       __imp__CommDlgExtendedError@0 1000f014     comdlg32:COMDLG32.dll
 0002:00000018       __imp__GetSaveFileNameA@4  1000f018     comdlg32:COMDLG32.dll
 0002:0000001c       \177COMDLG32_NULL_THUNK_DATA 1000f01c     comdlg32:COMDLG32.dll
 0002:00000020       __imp__DeleteObject@4      1000f020     gdi32:GDI32.dll
 0002:00000024       __imp__GetDeviceCaps@8     1000f024     gdi32:GDI32.dll
 0002:00000028       \177GDI32_NULL_THUNK_DATA  1000f028     gdi32:GDI32.dll
 0002:0000002c       __imp__GetCurrentThreadId@0 1000f02c     kernel32:KERNEL32.dll
 0002:00000030       __imp__RaiseException@16   1000f030     kernel32:KERNEL32.dll
 0002:00000034       __imp__GetSystemInfo@4     1000f034     kernel32:KERNEL32.dll
 0002:00000038       __imp__VirtualQuery@12     1000f038     kernel32:KERNEL32.dll
 0002:0000003c       __imp__GetModuleHandleW@4  1000f03c     kernel32:KERNEL32.dll
 0002:00000040       __imp__GetTickCount@0      1000f040     kernel32:KERNEL32.dll
 0002:00000044       __imp__HeapReAlloc@16      1000f044     kernel32:KERNEL32.dll
 0002:00000048       __imp__GetProcAddress@8    1000f048     kernel32:KERNEL32.dll
 0002:0000004c       __imp__LoadLibraryExA@12   1000f04c     kernel32:KERNEL32.dll
 0002:00000050       __imp__VirtualProtect@16   1000f050     kernel32:KERNEL32.dll
 0002:00000054       __imp__MulDiv@12           1000f054     kernel32:KERNEL32.dll
 0002:00000058       __imp__GetLastError@0      1000f058     kernel32:KERNEL32.dll
 0002:0000005c       __imp__LockResource@4      1000f05c     kernel32:KERNEL32.dll
 0002:00000060       __imp__SizeofResource@8    1000f060     kernel32:KERNEL32.dll
 0002:00000064       __imp__LoadResource@8      1000f064     kernel32:KERNEL32.dll
 0002:00000068       __imp__HeapAlloc@12        1000f068     kernel32:KERNEL32.dll
 0002:0000006c       __imp__GetProcessHeap@0    1000f06c     kernel32:KERNEL32.dll
 0002:00000070       __imp__lstrcpynA@12        1000f070     kernel32:KERNEL32.dll
 0002:00000074       __imp__HeapFree@12         1000f074     kernel32:KERNEL32.dll
 0002:00000078       __imp__MultiByteToWideChar@24 1000f078     kernel32:KERNEL32.dll
 0002:0000007c       __imp__WideCharToMultiByte@32 1000f07c     kernel32:KERNEL32.dll
 0002:00000080       __imp__lstrcpyA@8          1000f080     kernel32:KERNEL32.dll
 0002:00000084       __imp__GetTempPathA@8      1000f084     kernel32:KERNEL32.dll
 0002:00000088       __imp__lstrcatA@8          1000f088     kernel32:KERNEL32.dll
 0002:0000008c       __imp__lstrlenA@4          1000f08c     kernel32:KERNEL32.dll
 0002:00000090       __imp__GetFileAttributesA@4 1000f090     kernel32:KERNEL32.dll
 0002:00000094       __imp__DeleteFileA@4       1000f094     kernel32:KERNEL32.dll
 0002:00000098       __imp__lstrcmpA@8          1000f098     kernel32:KERNEL32.dll
 0002:0000009c       __imp__lstrcmpiA@8         1000f09c     kernel32:KERNEL32.dll
 0002:000000a0       __imp__MoveFileA@8         1000f0a0     kernel32:KERNEL32.dll
 0002:000000a4       __imp__CreateFileA@28      1000f0a4     kernel32:KERNEL32.dll
 0002:000000a8       __imp__GetFileSize@8       1000f0a8     kernel32:KERNEL32.dll
 0002:000000ac       __imp__CloseHandle@4       1000f0ac     kernel32:KERNEL32.dll
 0002:000000b0       __imp__ReadFile@20         1000f0b0     kernel32:KERNEL32.dll
 0002:000000b4       __imp__WriteFile@20        1000f0b4     kernel32:KERNEL32.dll
 0002:000000b8       __imp__GetPrivateProfileIntA@16 1000f0b8     kernel32:KERNEL32.dll
 0002:000000bc       __imp__WritePrivateProfileStringA@16 1000f0bc     kernel32:KERNEL32.dll
 0002:000000c0       __imp__GetPrivateProfileStringA@24 1000f0c0     kernel32:KERNEL32.dll
 0002:000000c4       __imp__GetFullPathNameA@16 1000f0c4     kernel32:KERNEL32.dll
 0002:000000c8       __imp__CreateDirectoryA@8  1000f0c8     kernel32:KERNEL32.dll
 0002:000000cc       __imp__GetModuleFileNameA@12 1000f0cc     kernel32:KERNEL32.dll
 0002:000000d0       __imp__FindFirstFileA@8    1000f0d0     kernel32:KERNEL32.dll
 0002:000000d4       __imp__FindClose@4         1000f0d4     kernel32:KERNEL32.dll
 0002:000000d8       __imp__DisableThreadLibraryCalls@4 1000f0d8     kernel32:KERNEL32.dll
 0002:000000dc       __imp__LoadLibraryA@4      1000f0dc     kernel32:KERNEL32.dll
 0002:000000e0       __imp__FreeLibrary@4       1000f0e0     kernel32:KERNEL32.dll
 0002:000000e4       __imp__FindResourceA@12    1000f0e4     kernel32:KERNEL32.dll
 0002:000000e8       \177KERNEL32_NULL_THUNK_DATA 1000f0e8     kernel32:KERNEL32.dll
 0002:000000ec       __imp__ShellExecuteA@24    1000f0ec     shell32:SHELL32.dll
 0002:000000f0       __imp__ShellExecuteW@24    1000f0f0     shell32:SHELL32.dll
 0002:000000f4       \177SHELL32_NULL_THUNK_DATA 1000f0f4     shell32:SHELL32.dll
 0002:000000f8       __imp__GetFocus@0          1000f0f8     user32:USER32.dll
 0002:000000fc       __imp__CreateWindowExA@48  1000f0fc     user32:USER32.dll
 0002:00000100       __imp__CallNextHookEx@16   1000f100     user32:USER32.dll
 0002:00000104       __imp__UnhookWindowsHookEx@4 1000f104     user32:USER32.dll
 0002:00000108       __imp__SetWindowsHookExA@16 1000f108     user32:USER32.dll
 0002:0000010c       __imp__GetDlgCtrlID@4      1000f10c     user32:USER32.dll
 0002:00000110       __imp__SendMessageA@16     1000f110     user32:USER32.dll
 0002:00000114       __imp__InvalidateRect@12   1000f114     user32:USER32.dll
 0002:00000118       __imp__LoadAcceleratorsA@8 1000f118     user32:USER32.dll
 0002:0000011c       __imp__IsWindow@4          1000f11c     user32:USER32.dll
 0002:00000120       __imp__GetKeyState@4       1000f120     user32:USER32.dll
 0002:00000124       __imp__IsDialogMessageA@8  1000f124     user32:USER32.dll
 0002:00000128       __imp__GetActiveWindow@0   1000f128     user32:USER32.dll
 0002:0000012c       __imp__TranslateAcceleratorA@12 1000f12c     user32:USER32.dll
 0002:00000130       __imp__MessageBoxA@16      1000f130     user32:USER32.dll
 0002:00000134       __imp__IsWindowEnabled@4   1000f134     user32:USER32.dll
 0002:00000138       __imp__IsIconic@4          1000f138     user32:USER32.dll
 0002:0000013c       __imp__ShowWindow@8        1000f13c     user32:USER32.dll
 0002:00000140       __imp__keybd_event@16      1000f140     user32:USER32.dll
 0002:00000144       __imp__mouse_event@20      1000f144     user32:USER32.dll
 0002:00000148       __imp__SetFocus@4          1000f148     user32:USER32.dll
 0002:0000014c       __imp__PostMessageA@16     1000f14c     user32:USER32.dll
 0002:00000150       __imp__GetWindow@8         1000f150     user32:USER32.dll
 0002:00000154       __imp__CreateDialogParamA@20 1000f154     user32:USER32.dll
 0002:00000158       __imp__SetWindowLongA@12   1000f158     user32:USER32.dll
 0002:0000015c       __imp__GetWindowLongA@8    1000f15c     user32:USER32.dll
 0002:00000160       __imp__LoadImageA@24       1000f160     user32:USER32.dll
 0002:00000164       __imp__LoadMenuA@8         1000f164     user32:USER32.dll
 0002:00000168       __imp__GetClientRect@8     1000f168     user32:USER32.dll
 0002:0000016c       __imp__GetDlgItem@8        1000f16c     user32:USER32.dll
 0002:00000170       __imp__DestroyWindow@4     1000f170     user32:USER32.dll
 0002:00000174       __imp__SendDlgItemMessageA@20 1000f174     user32:USER32.dll
 0002:00000178       __imp__PtInRect@12         1000f178     user32:USER32.dll
 0002:0000017c       __imp__BeginDeferWindowPos@4 1000f17c     user32:USER32.dll
 0002:00000180       __imp__EndDeferWindowPos@4 1000f180     user32:USER32.dll
 0002:00000184       __imp__GetCaretPos@4       1000f184     user32:USER32.dll
 0002:00000188       __imp__ClientToScreen@8    1000f188     user32:USER32.dll
 0002:0000018c       __imp__GetSubMenu@8        1000f18c     user32:USER32.dll
 0002:00000190       __imp__TrackPopupMenu@28   1000f190     user32:USER32.dll
 0002:00000194       __imp__GetWindowRect@8     1000f194     user32:USER32.dll
 0002:00000198       __imp__DestroyIcon@4       1000f198     user32:USER32.dll
 0002:0000019c       __imp__DestroyMenu@4       1000f19c     user32:USER32.dll
 0002:000001a0       __imp__SetWindowPos@28     1000f1a0     user32:USER32.dll
 0002:000001a4       __imp__EnableMenuItem@12   1000f1a4     user32:USER32.dll
 0002:000001a8       __imp__IsWindowVisible@4   1000f1a8     user32:USER32.dll
 0002:000001ac       __imp__SetWindowPlacement@8 1000f1ac     user32:USER32.dll
 0002:000001b0       __imp__GetSystemMetrics@4  1000f1b0     user32:USER32.dll
 0002:000001b4       __imp__GetWindowPlacement@8 1000f1b4     user32:USER32.dll
 0002:000001b8       __imp__MapWindowPoints@16  1000f1b8     user32:USER32.dll
 0002:000001bc       __imp__DeferWindowPos@32   1000f1bc     user32:USER32.dll
 0002:000001c0       __imp__EnableWindow@8      1000f1c0     user32:USER32.dll
 0002:000001c4       __imp__RegisterWindowMessageA@4 1000f1c4     user32:USER32.dll
 0002:000001c8       __imp__wsprintfA           1000f1c8     user32:USER32.dll
 0002:000001cc       __imp__GetCursorPos@4      1000f1cc     user32:USER32.dll
 0002:000001d0       __imp__GetParent@4         1000f1d0     user32:USER32.dll
 0002:000001d4       __imp__CallWindowProcA@20  1000f1d4     user32:USER32.dll
 0002:000001d8       __imp__ScreenToClient@8    1000f1d8     user32:USER32.dll
 0002:000001dc       __imp__RedrawWindow@16     1000f1dc     user32:USER32.dll
 0002:000001e0       __imp__DialogBoxParamA@20  1000f1e0     user32:USER32.dll
 0002:000001e4       __imp__SetDlgItemTextA@12  1000f1e4     user32:USER32.dll
 0002:000001e8       __imp__GetDC@4             1000f1e8     user32:USER32.dll
 0002:000001ec       __imp__ReleaseDC@8         1000f1ec     user32:USER32.dll
 0002:000001f0       __imp__IsDlgButtonChecked@8 1000f1f0     user32:USER32.dll
 0002:000001f4       __imp__EndDialog@8         1000f1f4     user32:USER32.dll
 0002:000001f8       __imp__CheckDlgButton@12   1000f1f8     user32:USER32.dll
 0002:000001fc       __imp__SetPropA@12         1000f1fc     user32:USER32.dll
 0002:00000200       __imp__RemovePropA@8       1000f200     user32:USER32.dll
 0002:00000204       __imp__GetPropA@8          1000f204     user32:USER32.dll
 0002:00000208       __imp__GetCapture@0        1000f208     user32:USER32.dll
 0002:0000020c       __imp__ReleaseCapture@0    1000f20c     user32:USER32.dll
 0002:00000210       __imp__ValidateRect@8      1000f210     user32:USER32.dll
 0002:00000214       __imp__DragDetect@12       1000f214     user32:USER32.dll
 0002:00000218       __imp__SetCapture@4        1000f218     user32:USER32.dll
 0002:0000021c       __imp__FindWindowExA@16    1000f21c     user32:USER32.dll
 0002:00000220       __imp__GetWindowTextA@12   1000f220     user32:USER32.dll
 0002:00000224       \177USER32_NULL_THUNK_DATA 1000f224     user32:USER32.dll
 0002:00000228       __imp__OleUninitialize@0   1000f228     ole32:ole32.dll
 0002:0000022c       __imp__OleInitialize@4     1000f22c     ole32:ole32.dll
 0002:00000230       \177ole32_NULL_THUNK_DATA  1000f230     ole32:ole32.dll
 0002:00000234       __imp__GuiUpdateAllViews   1000f234     x32bridge:x32bridge.dll
 0002:00000238       __imp__DbgMemFindBaseAddr  1000f238     x32bridge:x32bridge.dll
 0002:0000023c       __imp__GuiAddStatusBarMessage 1000f23c     x32bridge:x32bridge.dll
 0002:00000240       __imp__DbgClearCommentRange 1000f240     x32bridge:x32bridge.dll
 0002:00000244       __imp__DbgClearLabelRange  1000f244     x32bridge:x32bridge.dll
 0002:00000248       __imp__DbgXrefGet          1000f248     x32bridge:x32bridge.dll
 0002:0000024c       __imp__DbgSetLabelAt       1000f24c     x32bridge:x32bridge.dll
 0002:00000250       __imp__DbgGetCommentAt     1000f250     x32bridge:x32bridge.dll
 0002:00000254       __imp__DbgGetLabelAt       1000f254     x32bridge:x32bridge.dll
 0002:00000258       __imp__DbgMemRead          1000f258     x32bridge:x32bridge.dll
 0002:0000025c       __imp__DbgFunctions        1000f25c     x32bridge:x32bridge.dll
 0002:00000260       __imp__BridgeFree          1000f260     x32bridge:x32bridge.dll
 0002:00000264       __imp__GuiSelectionGet     1000f264     x32bridge:x32bridge.dll
 0002:00000268       __imp__DbgIsDebugging      1000f268     x32bridge:x32bridge.dll
 0002:0000026c       __imp__DbgSetCommentAt     1000f26c     x32bridge:x32bridge.dll
 0002:00000270       __imp__GuiExecuteOnGuiThread 1000f270     x32bridge:x32bridge.dll
 0002:00000274       \177x32bridge_NULL_THUNK_DATA 1000f274     x32bridge:x32bridge.dll
 0002:00000278       __imp___plugin_menuclear   1000f278     x32dbg:x32dbg.dll
 0002:0000027c       __imp___plugin_unregistercommand 1000f27c     x32dbg:x32dbg.dll
 0002:00000280       __imp___plugin_menuaddentry 1000f280     x32dbg:x32dbg.dll
 0002:00000284       __imp___plugin_registercommand 1000f284     x32dbg:x32dbg.dll
 0002:00000288       __imp___plugin_logputs     1000f288     x32dbg:x32dbg.dll
 0002:0000028c       __imp___plugin_menuentrysethotkey 1000f28c     x32dbg:x32dbg.dll
 0002:00000290       __imp___plugin_menuaddseparator 1000f290     x32dbg:x32dbg.dll
 0002:00000294       __imp___plugin_menuseticon 1000f294     x32dbg:x32dbg.dll
 0002:00000298       \177x32dbg_NULL_THUNK_DATA 1000f298     x32dbg:x32dbg.dll
 0002:0000029c       ___guard_check_icall_fptr  1000f29c     odbccp32:guard_support.obj
 0002:000002a0       __sz_COMCTL32_dll          1000f2a0     comctl32:COMCTL32.dll
 0002:000002b0       ??_C@_1BK@DBDEIDLH@?$AAK?$AAE?$AAR?$AAN?$AAE?$AAL?$AA3?$AA2?$AA?4?$AAD?$AAL?$AAL@ 1000f2b0     delayimp:delayhlp.obj
 0002:000002cc       ??_C@_0BI@OMNLIJDB@AcquireSRWLockExclusive@ 1000f2cc     delayimp:delayhlp.obj
 0002:000002e4       ??_C@_0BI@HMIEPCNJ@ReleaseSRWLockExclusive@ 1000f2e4     delayimp:delayhlp.obj
 0002:000002fc       ___pfnDliNotifyHook2       1000f2fc     delayimp:delayhk2.obj
 0002:00000300       ___pfnDliFailureHook2      1000f300     delayimp:delayhk1.obj
 0002:00000304       ___bChangeProtectionOfWholeDloadSection 1000f304     delayimp:delaygv1.obj
 0002:00000308       ??_C@_0ME@NDNAJFIL@ja?5jae?5jb?5jbe?5jc?5jcxz?5je?5jg?5jge@ 1000f308     assembler_dlg.obj
 0002:000003cc       ??_C@_04OMFAIDPG@call@     1000f3cc     assembler_dlg.obj
 0002:000003d4       ??_C@_0CM@BACMNIGN@ret?5retf?5retn?5iret?5iretd?5iretdf@ 1000f3d4     assembler_dlg.obj
 0002:00000400       ??_C@_0BI@IOJNGPOM@nop?5int3?5int1?5icebp?5hlt@ 1000f400     assembler_dlg.obj
 0002:00000418       ??_C@_0FCH@CLJKALHO@aaa?5aad?5aam?5aas?5adc?5add?5and?5cbw@ 1000f418     assembler_dlg.obj
 0002:00000940       ??_C@_0CMA@GHNCNJEE@f2xm1?5fabs?5fadd?5faddp?5fbld?5fbst@ 1000f940     assembler_dlg.obj
 0002:00000c00       ??_C@_0HFK@PHFOCGM@addpd?5addps?5addsd?5addss?5andpd?5a@ 1000fc00     assembler_dlg.obj
 0002:0000135c       ??_C@_0DD@LLIGGPMK@esp?5ebp?5eip?5rip?5sp?5bp?5ip?5cs?5ds?5@ 1001035c     assembler_dlg.obj
 0002:00001390       ??_C@_0BKB@MLOIPOED@ah?5al?5ax?5bh?5bl?5bx?5ch?5cl?5cx?5dh?5d@ 10010390     assembler_dlg.obj
 0002:00001534       ??_C@_0CM@KPOOFBPJ@byte?5word?5dword?5qword?5dqword?5db@ 10010534     assembler_dlg.obj
 0002:00001560       ??_C@_0BI@BLGDAFFI@ptr?5short?5long?5near?5far@ 10010560     assembler_dlg.obj
 0002:00001578       ??_C@_0CD@DPGLCL@Multiline?5Ultimate?5Assembler?5er@ 10010578     assembler_dlg.obj
 0002:0000159c       ??_C@_0BH@DPEOEDIP@Couldn?8t?5create?5dialog@ 1001059c     assembler_dlg.obj
 0002:000015b4       ??_C@_01ICJEACDI@?$DL@     100105b4     assembler_dlg.obj
 0002:000015b8       ??_C@_09JIMHCNEF@color_jmp@ 100105b8     assembler_dlg.obj
 0002:000015c4       ??_C@_0L@JNJMNBEE@color_call@ 100105c4     assembler_dlg.obj
 0002:000015d0       ??_C@_09GHBFMGIJ@color_ret@ 100105d0     assembler_dlg.obj
 0002:000015dc       ??_C@_09BECBGOHM@color_nop@ 100105dc     assembler_dlg.obj
 0002:000015e8       ??_C@_0BC@HEKNFAGA@color_reg_special@ 100105e8     assembler_dlg.obj
 0002:000015fc       ??_C@_09LLJIFGJL@color_fpu@ 100105fc     assembler_dlg.obj
 0002:00001608       ??_C@_09LOCFJJIM@color_ext@ 10010608     assembler_dlg.obj
 0002:00001614       ??_C@_0L@BOAPAEPL@color_type@ 10010614     assembler_dlg.obj
 0002:00001620       ??_C@_0M@DDFEHGHN@color_other@ 10010620     assembler_dlg.obj
 0002:0000162c       ??_C@_0N@KBPKLPJF@color_jmp_bg@ 1001062c     assembler_dlg.obj
 0002:0000163c       ??_C@_0O@OEIIPDGK@color_call_bg@ 1001063c     assembler_dlg.obj
 0002:0000164c       ??_C@_0N@OMBIEJJB@color_ret_bg@ 1001064c     assembler_dlg.obj
 0002:0000165c       ??_C@_0N@BIHNDKIN@color_nop_bg@ 1001065c     assembler_dlg.obj
 0002:0000166c       ??_C@_0BF@KIIKLEIP@color_reg_special_bg@ 1001066c     assembler_dlg.obj
 0002:00001684       ??_C@_0N@BBPCELNE@color_fpu_bg@ 10010684     assembler_dlg.obj
 0002:00001694       ??_C@_0N@PBCJPKJE@color_ext_bg@ 10010694     assembler_dlg.obj
 0002:000016a4       ??_C@_0O@LPMDLJGA@color_type_bg@ 100106a4     assembler_dlg.obj
 0002:000016b4       ??_C@_0P@LLMLENHH@color_other_bg@ 100106b4     assembler_dlg.obj
 0002:000016c4       ??_C@_0N@MLFIKEMD@color_reg_bg@ 100106c4     assembler_dlg.obj
 0002:000016d8       ??_C@_0FGL@PJMFJBLK@aaa?5aad?5aam?5aas?5adc?5add?5and?5cbw@ 100106d8     assembler_dlg.obj
 0002:00001c48       ??_C@_0BNE@EBLCGIOH@ah?5al?5ax?5bh?5bl?5bx?5ch?5cl?5cx?5dh?5d@ 10010c48     assembler_dlg.obj
 0002:00001e20       ??_C@_0EE@POKIGHOM@byte?5word?5dword?5qword?5dqword?5db@ 10010e20     assembler_dlg.obj
 0002:00001e68       ??_C@_0MJ@LJBFLNNL@ja?5jae?5jb?5jbe?5jc?5jcxz?5je?5jg?5jge@ 10010e68     assembler_dlg.obj
 0002:00001f34       ??_C@_05KHPBCGAA@pos_x@    10010f34     assembler_dlg.obj
 0002:00001f3c       ??_C@_05LOOKBHEB@pos_y@    10010f3c     assembler_dlg.obj
 0002:00001f44       ??_C@_05CAGJDKMP@pos_w@    10010f44     assembler_dlg.obj
 0002:00001f4c       ??_C@_05ONDDDEFB@pos_h@    10010f4c     assembler_dlg.obj
 0002:00001f54       ??_C@_0BE@HCHEOIBF@commdlg_FindReplace@ 10010f54     assembler_dlg.obj
 0002:00001f68       ??_C@_0BB@IDFILOOM@Cannot?5find?5?$CC?$CFs?$CC@ 10010f68     assembler_dlg.obj
 0002:00001f7c       ??_C@_04OLJIFFAL@Find@     10010f7c     assembler_dlg.obj
 0002:00001f84       ??_C@_0BN@JNLFPABJ@No?5occurrences?5were?5replaced@ 10010f84     assembler_dlg.obj
 0002:00001fa4       ??_C@_0BK@GJEGCAIG@1?5occurrence?5was?5replaced@ 10010fa4     assembler_dlg.obj
 0002:00001fc0       ??_C@_0BN@CDKLLPEJ@?$CFu?5occurrences?5were?5replaced@ 10010fc0     assembler_dlg.obj
 0002:00001fe0       ??_C@_0M@KNDNFOFG@Replace?5All@ 10010fe0     assembler_dlg.obj
 0002:00001fec       ??_C@_0BF@FMEPBPDI@No?5process?5is?5loaded@ 10010fec     assembler_dlg.obj
 0002:00002004       ??_C@_0BC@EALFJCBA@Allocation?5failed@ 10011004     assembler_dlg.obj
 0002:00002018       ??_C@_0BE@GOEJBAOB@Assembly?5Succeeded?$CB@ 10011018     assembler_dlg.obj
 0002:0000202c       ??_C@_09JOMNKBFE@tabs_path@ 1001102c     assembler_dlg_tabs.obj
 0002:00002038       ??_C@_0L@OHNPFKPM@?4?2multiasm@ 10011038     assembler_dlg_tabs.obj
 0002:00002044       ??_C@_0DJ@JEAHEPCD@Could?5not?5use?5specified?5directo@ 10011044     assembler_dlg_tabs.obj
 0002:00002080       ??_C@_08PHMOOECG@tabs?4ini@ 10011080     assembler_dlg_tabs.obj
 0002:0000208c       ??_C@_04HOGMCHDB@lib?2@    1001108c     assembler_dlg_tabs.obj
 0002:00002094       ??_C@_0N@GICDPLLD@tabs_counter@ 10011094     assembler_dlg_tabs.obj
 0002:000020a4       ??_C@_0P@OBDPJOOJ@tabs_last_open@ 100110a4     assembler_dlg_tabs.obj
 0002:000020b4       ??_C@_0O@IJECLIOI@tabs_file?$FL?$CFd?$FN@ 100110b4     assembler_dlg_tabs.obj
 0002:000020c4       ??_C@_04ECFCMKAC@?4asm@    100110c4     assembler_dlg_tabs.obj
 0002:000020cc       ??_C@_05DJLAFFPD@?5?$CI?$CFu?$CJ@ 100110cc     assembler_dlg_tabs.obj
 0002:000020d4       ??_C@_02GMHACPFF@?$CFu@    100110d4     assembler_dlg_tabs.obj
 0002:000020d7       ??_C@_00CNPNBAHC@@         100110d7     assembler_dlg_tabs.obj
 0002:000020d8       ??_C@_0BG@JGEIAFHH@Failed?5to?5delete?5file@ 100110d8     assembler_dlg_tabs.obj
 0002:000020f0       ??_C@_0CK@KKKICKB@Failed?5to?5delete?5one?5or?5more?5of@ 100110f0     assembler_dlg_tabs.obj
 0002:0000211c       ??_C@_0BI@JBJLDGPG@Such?5tab?5already?5exists@ 1001111c     assembler_dlg_tabs.obj
 0002:00002134       ??_C@_0BJ@LILCEKBA@Such?5file?5already?5exists@ 10011134     assembler_dlg_tabs.obj
 0002:00002150       ??_C@_0BG@EPIAOGFK@Failed?5to?5rename?5file@ 10011150     assembler_dlg_tabs.obj
 0002:00002168       ??_C@_0BP@BIEIGDMO@Could?5not?5read?5content?5of?5file@ 10011168     assembler_dlg_tabs.obj
 0002:00002188       ??_C@_0BJ@IKCNAAJ@Could?5not?5read?5file?5size@ 10011188     assembler_dlg_tabs.obj
 0002:000021a4       ??_C@_0BJ@LFBPMJAD@Memory?5allocation?5failed@ 100111a4     assembler_dlg_tabs.obj
 0002:000021c0       ??_C@_0BJ@HBCEFLHK@Could?5not?5read?5file?5data@ 100111c0     assembler_dlg_tabs.obj
 0002:000021dc       ??_C@_0BL@PPDPLLNE@Could?5not?5create?5directory@ 100111dc     assembler_dlg_tabs.obj
 0002:000021f8       ??_C@_0BP@MLBIGFAH@Could?5not?5save?5content?5to?5file@ 100111f8     assembler_dlg_tabs.obj
 0002:00002218       ??_C@_0BI@FNIDBNLC@Failed?5to?5write?5to?5file@ 10011218     assembler_dlg_tabs.obj
 0002:00002230       ??_C@_0DD@BOCELJIN@Assembler?5files?5?$CI?$CK?4asm?$CJ?$AA?$CK?4asm?$AAA@ 10011230     assembler_dlg_tabs.obj
 0002:00002264       ??_C@_0BE@LPCACCJA@Load?5code?5from?5file@ 10011264     assembler_dlg_tabs.obj
 0002:00002278       ??_C@_03NLMFHDGG@asm@      10011278     assembler_dlg_tabs.obj
 0002:0000227c       ??_C@_0DE@DGIPPHF@Could?5not?5read?5content?5of?5at?5le@ 1001127c     assembler_dlg_tabs.obj
 0002:000022b0       ??_C@_0EB@FANHBHCM@Our?5buffer?5is?5too?5small?5for?5you@ 100112b0     assembler_dlg_tabs.obj
 0002:000022f4       ??_C@_0BC@MFLLNIPO@Save?5code?5to?5file@ 100112f4     assembler_dlg_tabs.obj
 0002:00002308       ??_C@_09MEHKOFDP@?2?1?3?$CK?$DP?$CC?$DM?$DO?$HM@ 10011308     assembler_dlg_tabs.obj
 0002:00002314       ??_C@_04PJFEOLPA@tabs@     10011314     assembler_dlg_tabs.obj
 0002:0000231c       ??_C@_0N@OLBDIKGE@multiasm?4ini@ 1001131c     main_common.obj
 0002:0000232c       ??_C@_0BH@FIBNMAAI@OleInitialize?$CI?$CJ?5failed@ 1001132c     main_common.obj
 0002:00002344       ??_C@_0O@DEOGIPBA@Scintilla?4dll@ 10011344     main_common.obj
 0002:00002354       ??_C@_0BN@LKMGFLOH@Failed?5to?5load?5Scintilla?4dll@ 10011354     main_common.obj
 0002:00002374       ??_C@_0L@LCONHDBN@disasm_rva@ 10011374     main_common.obj
 0002:00002380       ??_C@_0BF@LADOEHIG@disasm_rva_reloconly@ 10011380     main_common.obj
 0002:00002398       ??_C@_0N@EIJNFEIA@disasm_label@ 10011398     main_common.obj
 0002:000023a8       ??_C@_0O@MFIPGJEB@disasm_extjmp@ 100113a8     main_common.obj
 0002:000023b8       ??_C@_0L@ICJHANH@disasm_hex@ 100113b8     main_common.obj
 0002:000023c4       ??_C@_0BA@KCMPOMDJ@disasm_labelgen@ 100113c4     main_common.obj
 0002:000023d4       ??_C@_0N@EMIKEDDL@asm_comments@ 100113d4     main_common.obj
 0002:000023e4       ??_C@_0L@BMBNHPOK@asm_labels@ 100113e4     main_common.obj
 0002:000023f0       ??_C@_0N@BOMCEFMI@edit_savepos@ 100113f0     main_common.obj
 0002:00002400       ??_C@_0O@DONFHLJL@edit_tabwidth@ 10011400     main_common.obj
 0002:00002410       ??_C@_09JONFMPID@font_name@ 10011410     main_common.obj
 0002:0000241c       ??_C@_0P@PPJHFMDD@Lucida?5Console@ 1001141c     main_common.obj
 0002:0000242c       ??_C@_09NKHIABKK@font_size@ 1001142c     main_common.obj
 0002:00002438       ??_C@_09KDCDAOMH@font_bold@ 10011438     main_common.obj
 0002:00002444       ??_C@_0M@DMOHENJK@font_italic@ 10011444     main_common.obj
 0002:00002450       ??_C@_0N@IOPCCJDN@font_charset@ 10011450     main_common.obj
 0002:00002460       ??_C@_0O@FOCHMPEF@bg_use_custom@ 10011460     main_common.obj
 0002:00002470       ??_C@_08NOKADADF@bg_color@ 10011470     main_common.obj
 0002:0000247c       ??_C@_09MLGBLFJK@color_cmd@ 1001147c     main_common.obj
 0002:00002488       ??_C@_0N@KBACMLAE@color_cmd_bg@ 10011488     main_common.obj
 0002:00002498       ??_C@_09GPKIHBL@color_reg@ 10011498     main_common.obj
 0002:000024a4       ??_C@_0L@FGNFCCML@color_cmnt@ 100114a4     main_common.obj
 0002:000024b0       ??_C@_09PKPMCEMG@color_num@ 100114b0     main_common.obj
 0002:000024bc       ??_C@_0BC@IHKAIPKA@color_jmp_line_bg@ 100114bc     main_common.obj
 0002:000024d0       ??_C@_0BD@EGHNKINH@color_call_line_bg@ 100114d0     main_common.obj
 0002:000024e4       ??_C@_0N@OEEPNDLG@multiasm?4chm@ 100114e4     main_common.obj
 0002:000024f4       ??_C@_19BDAJEHDN@?$AAo?$AAp?$AAe?$AAn@ 100114f4     main_common.obj
 0002:00002500       ??_C@_0BE@KOEOLILI@Failed?5to?5open?5link@ 10011500     main_common.obj
 0002:00002518       ??_C@_1BNO@KEIEODBF@?$AAM?$AAu?$AAl?$AAt?$AAi?$AAl?$AAi?$AAn?$AAe?$AA?5?$AAU?$AAl?$AAt?$AAi?$AAm@ 10011518     main_common.obj
 0002:000026f8       ??_C@_1M@EMIHAPOM@?$AAA?$AAb?$AAo?$AAu?$AAt@ 100116f8     main_common.obj
 0002:00003b98       __load_config_used         10012b98     main_common.obj
 0002:00003c5c       ??_C@_03NAIKFGEJ@PNG@      10012c5c     main_x64dbg.obj
 0002:00003c60       ??_C@_0BO@PHOGDFNA@?$CGMultiline?5Ultimate?5Assembler@ 10012c60     main_x64dbg.obj
 0002:00003c80       ??_C@_08NFEHGBLD@?$CGOptions@ 10012c80     main_x64dbg.obj
 0002:00003c8c       ??_C@_05JFEBOHHM@?$CGHelp@ 10012c8c     main_x64dbg.obj
 0002:00003c94       ??_C@_06JDCECANP@?$CGAbout@ 10012c94     main_x64dbg.obj
 0002:00003c9c       ??_C@_0BH@POENJJAE@?$CGDisassemble?5selection@ 10012c9c     main_x64dbg.obj
 0002:00003cb4       ??_C@_06EOOGDOP@Ctrl?$CLM@ 10012cb4     main_x64dbg.obj
 0002:00003cbc       ??_C@_0N@HFFKGIHL@Ctrl?$CLShift?$CLM@ 10012cbc     main_x64dbg.obj
 0002:00003ccc       ??_C@_0BN@JECMPMHH@Multiline?5Ultimate?5Assembler@ 10012ccc     main_x64dbg.obj
 0002:00003cec       ??_C@_0CE@PLNDLDOL@Multiline?5Ultimate?5Assembler?5v2@ 10012cec     main_x64dbg.obj
 0002:00003d10       ??_C@_0BP@BJPICIPM@?5?5Copyright?5?$CIC?$CJ?5Ramen?5Software@ 10012d10     main_x64dbg.obj
 0002:00003d30       ??_C@_0O@OBICCLND@multiasm_show@ 10012d30     main_x64dbg.obj
 0002:00003d40       ??_C@_0BK@DEECKHAD@multiasm_disasm_selection@ 10012d40     main_x64dbg.obj
 0002:00003d5c       ??_C@_0P@PGOOJCCA@multiasm_close@ 10012d5c     main_x64dbg.obj
 0002:00003d6c       ??_C@_05LOKMOJMB@2?43?48@  10012d6c     main_x64dbg.obj
 0002:00003d74       ??_C@_0CM@OAPODGHE@Failed?5to?5open?5the?5?$CCmultiasm?4ch@ 10012d74     main_x64dbg.obj
 0002:00003da0       ??_C@_0CC@OLMMLMAL@Command?5does?5not?5accept?5argumen@ 10012da0     main_x64dbg.obj
 0002:00003dc4       ??_C@_09JDGHINLE@?5?$CIItalic?$CJ@ 10012dc4     options_dlg.obj
 0002:00003dd0       ??_C@_07LMGDMKGM@?5?$CIBold?$CJ@ 10012dd0     options_dlg.obj
 0002:00003dd8       ??_C@_0N@GEPGPLDG@?$CFs?0?5?$CFdpt?$CFs?$CFs@ 10012dd8     options_dlg.obj
 0002:00003de8       ??_C@_0BH@DILBJLBK@?$CIdisassembler?5default?$CJ@ 10012de8     options_dlg.obj
 0002:00003e00       ??_C@_04KJAIOINI@FFFE@     10012e00     options_dlg.obj
 0002:00003e08       ??_C@_05NKJCLJML@0FFFE@    10012e08     options_dlg.obj
 0002:00003e10       ??_C@_06KBEIGICO@0FFFEh@   10012e10     options_dlg.obj
 0002:00003e18       ??_C@_06LNFEOKEF@0xFFFE@   10012e18     options_dlg.obj
 0002:00003e20       ??_C@_0L@LBJPPIEN@L?$FLcounter?$FN@ 10012e20     options_dlg.obj
 0002:00003e2c       ??_C@_0M@EMKBGKHJ@L_?$FLaddress?$FN@ 10012e2c     options_dlg.obj
 0002:00003e38       ??_C@_0BH@PPKLHPJE@L_?$FLtab_name?$FN_?$FLcounter?$FN@ 10012e38     options_dlg.obj
 0002:00003e50       ??_C@_01FDFGLJHB@2@        10012e50     options_dlg.obj
 0002:00003e54       ??_C@_01FAMBOPH@4@         10012e54     options_dlg.obj
 0002:00003e58       ??_C@_01KJLJFBPL@8@        10012e58     options_dlg.obj
 0002:00003e5c       ??_C@_06IMJBDBNO@0x?$CF08X@ 10012e5c     plugin_x64dbg.obj
 0002:00003e64       ??_C@_02DPKJAMEF@?$CFd@    10012e64     plugin_x64dbg.obj
 0002:00003e68       ??_C@_06NGDDPBNF@SHORT?5@  10012e68     plugin_x64dbg.obj
 0002:00003e70       ??_C@_06EHJMALKF@short?5@  10012e70     plugin_x64dbg.obj
 0002:00003e78       ??_C@_0DA@BGMBLELG@AssembleWithGivenSize?3?5internal@ 10012e78     plugin_x64dbg.obj
 0002:00003ea8       ??_C@_0BL@NOPPMJDE@Could?5not?5read?5from?5memory@ 10012ea8     read_asm.obj
 0002:00003ec4       ??_C@_0CA@JGOBNHII@Disasm?5failed?5on?5address?50x?$CF08X@ 10012ec4     read_asm.obj
 0002:00003ee4       ??_C@_0CI@HEJIHIEH@Could?5not?5read?5memory?5on?5addres@ 10012ee4     read_asm.obj
 0002:00003f0c       ??_C@_05LHJNPFAF@L?$CF08u@ 10012f0c     read_asm.obj
 0002:00003f14       ??_C@_06LNPALOAP@L_?$CF08X@ 10012f14     read_asm.obj
 0002:00003f1c       ??_C@_09CFOMIDOI@L_?$CFs_?$CF08u@ 10012f1c     read_asm.obj
 0002:00003f28       ??_C@_0BN@OKNJKMPH@Couldn?8t?5make?5RVA?5label?5text@ 10012f28     read_asm.obj
 0002:00003f48       ??_C@_02DKCKIIND@?$CFs@    10012f48     read_asm.obj
 0002:00003f4c       ??_C@_05BFFHGHIN@?$DO?$AN?6?$AN?6@ 10012f4c     read_asm.obj
 0002:00003f54       ??_C@_06KCCKDIHO@?$EA?$CFs?3?$AN?6@ 10012f54     read_asm.obj
 0002:00003f5c       ??_C@_03JJCHMBFH@?7?$CFs@  10012f5c     read_asm.obj
 0002:00003f60       ??_C@_05FMGNDPN@?5?$DL?5?$CFs@ 10012f60     read_asm.obj
 0002:00003f68       ??_C@_06FDGAKNJH@$?$CC?$CFs?$CC?4@ 10012f68     read_asm.obj
 0002:00003f70       ??_C@_04MHMAABAP@$?$CFs?4@ 10012f70     read_asm.obj
 0002:00003f78       ??_C@_03EEHOBOPM@?$CFIX@   10012f78     read_asm.obj
 0002:00003f7c       ??_C@_04GPIFAJG@LOCK@      10012f7c     read_asm.obj
 0002:00003f84       ??_C@_03HDFFPFLF@REP@      10012f84     read_asm.obj
 0002:00003f88       ??_C@_04JIMNDDED@?$CF08X@  10012f88     read_asm.obj
 0002:00003f90       ??_C@_0O@IKCFLABM@TabCtrlExProp@ 10012f90     tabctrl_ex.obj
 0002:00003fa0       ??_C@_0BA@HHHBMONL@msctls_updown32@ 10012fa0     tabctrl_ex.obj
 0002:00003fb0       ??_C@_04NABONMNG@edit@     10012fb0     tabctrl_ex.obj
 0002:00003fb8       ??_C@_0BP@LHNJANON@Empty?5code?5cave?5is?5not?5allowed@ 10012fb8     write_asm.obj
 0002:00003fd8       ??_C@_0DD@NHNCPALP@The?5code?5cave?5block?5must?5follow@ 10012fd8     write_asm.obj
 0002:0000400c       ??_C@_0BB@CAEKGME@Address?5expected@ 1001300c     write_asm.obj
 0002:00004020       ??_C@_0EC@FEFCMBJK@End?5of?5code?5block?5exceeds?5the?5b@ 10013020     write_asm.obj
 0002:00004068       ??_C@_0EL@PNCECILB@The?5?$CBpad?5special?5command?5can?5on@ 10013068     write_asm.obj
 0002:000040b4       ??_C@_07JEDAPFNH@COMMENT@  100130b4     write_asm.obj
 0002:000040bc       ??_C@_0CG@GOCKBBH@Could?5not?5parse?5address?0?5?8?$DM?8?5ex@ 100130bc     write_asm.obj
 0002:000040e4       ??_C@_09CHIDKAHH@codecave?3@ 100130e4     write_asm.obj
 0002:000040f0       ??_C@_0BG@BDGOIIKH@Invalid?5codecave?5name@ 100130f0     write_asm.obj
 0002:00004108       ??_C@_0CE@JAFCANGM@Invalid?5characters?5in?5codecave?5@ 10013108     write_asm.obj
 0002:0000412c       ??_C@_0CH@LKPGFPBF@Could?5not?5parse?5codecave?0?5?8?$DO?8?5e@ 1001312c     write_asm.obj
 0002:00004158       ??_C@_0EO@ENMHHLPO@The?5RVA?5base?5address?5of?5both?5th@ 10013158     write_asm.obj
 0002:000041a8       ??_C@_0DH@EOMIMJEI@The?5end?5address?5must?5be?5greater@ 100131a8     write_asm.obj
 0002:000041e0       ??_C@_0CG@OKNJDPII@Could?5not?5parse?5address?0?5?8?$DO?8?5ex@ 100131e0     write_asm.obj
 0002:00004208       ??_C@_0CO@OIPFOEHK@Could?5not?5parse?5anonymous?5label@ 10013208     write_asm.obj
 0002:00004238       ??_C@_0CE@JFEJIMIO@Could?5not?5parse?5label?0?5?8?$EA?8?5expe@ 10013238     write_asm.obj
 0002:0000425c       ??_C@_0BG@HNPCPHHI@Could?5not?5parse?5label@ 1001325c     write_asm.obj
 0002:00004274       ??_C@_0CE@FLDEOFBL@Could?5not?5parse?5label?0?5?8?3?8?5expe@ 10013274     write_asm.obj
 0002:00004298       ??_C@_06LNOFJDNM@return@   10013298     write_asm.obj
 0002:000042a0       ??_C@_0CE@FKOHCKAI@The?5label?5name?5?8return?8?5is?5rese@ 100132a0     write_asm.obj
 0002:000042c4       ??_C@_0BD@PFHNFBJG@Label?5redefinition@ 100132c4     write_asm.obj
 0002:000042d8       ??_C@_0CF@KEFKCOJN@Could?5not?5parse?5string?0?5?8?$CC?8?5exp@ 100132d8     write_asm.obj
 0002:00004300       ??_C@_0EH@LMEMOOLI@Could?5not?5parse?5string?0?5hex?5con@ 10013300     write_asm.obj
 0002:00004348       ??_C@_0DJ@FDKEHOGE@Could?5not?5parse?5string?0?5value?5i@ 10013348     write_asm.obj
 0002:00004384       ??_C@_0DP@EKEJIANK@Could?5not?5parse?5string?0?5unrecog@ 10013384     write_asm.obj
 0002:000043c4       ??_C@_0BO@BNBJJFGB@Empty?5strings?5are?5not?5allowed@ 100133c4     write_asm.obj
 0002:000043e4       ??_C@_0CJ@ONELGFBA@Unexpected?5input?5after?5string?5d@ 100133e4     write_asm.obj
 0002:00004410       ??_C@_0CF@GFDJJBIL@Could?5not?5parse?5string?0?5?8L?8?5exp@ 10013410     write_asm.obj
 0002:00004438       ??_C@_0DF@FEDCKDL@No?5more?5than?54?5RVA?5addresses?5al@ 10013438     write_asm.obj
 0002:00004470       ??_C@_0CO@MCCBHNAH@No?5more?5than?54?5labels?5allowed?5f@ 10013470     write_asm.obj
 0002:000044a0       ??_C@_0BM@MGEDFEFA@Internal?5disassembler?5error@ 100134a0     write_asm.obj
 0002:000044bc       ??_C@_0CO@OFHDHBFH@Could?5not?5parse?5special?5command@ 100134bc     write_asm.obj
 0002:000044ec       ??_C@_0BI@NEPKGMAI@Unknown?5special?5command@ 100134ec     write_asm.obj
 0002:00004504       ??_C@_0CN@NEGFOEGF@Could?5not?5parse?5command?0?5whites@ 10013504     write_asm.obj
 0002:00004534       ??_C@_0CG@BDELFEKO@Unexpected?5input?5after?5end?5of?5c@ 10013534     write_asm.obj
 0002:0000455c       ??_C@_0CI@NPHOLKDN@Out?5of?5range?5error?0?5byte?5value?5@ 1001355c     write_asm.obj
 0002:00004584       ??_C@_0CH@CLMMGJHL@The?5align?5value?5must?5be?5greater@ 10013584     write_asm.obj
 0002:000045ac       ??_C@_0CF@BHLHGDAP@The?5align?5value?5must?5be?5a?5power@ 100135ac     write_asm.obj
 0002:000045d4       ??_C@_0CK@OOPPMDD@Could?5not?5parse?5RVA?5address?0?5?8$@ 100135d4     write_asm.obj
 0002:00004600       ??_C@_0DN@MCGMEEFC@Could?5not?5parse?5RVA?5address?0?5th@ 10013600     write_asm.obj
 0002:00004640       ??_C@_0CK@OBNCFJND@Could?5not?5parse?5RVA?5address?0?5?8?$CC@ 10013640     write_asm.obj
 0002:0000466c       ??_C@_0CK@OENIBEFC@Could?5not?5parse?5RVA?5address?0?5?8?4@ 1001366c     write_asm.obj
 0002:00004698       ??_C@_0BI@OGIGENCO@There?5is?5no?5module?5?$CC?$CFs?$CC@ 10013698     write_asm.obj
 0002:000046b0       ??_C@_0ED@GJCNPAAO@Can?8t?5identify?5the?5module?5curre@ 100136b0     write_asm.obj
 0002:000046f4       ??_C@_0CI@OLOFNNLD@The?5RVA?5address?5exceeds?5the?5mod@ 100136f4     write_asm.obj
 0002:0000471c       ??_C@_0BJ@FAKAJNDD@Could?5not?5parse?5constant@ 1001371c     write_asm.obj
 0002:00004738       ??_C@_0CI@CDNNCOHE@Please?5don?8t?5mix?50xXXXX?5and?5XXX@ 10013738     write_asm.obj
 0002:00004760       ??_C@_0BG@JGOCJLC@Where?5are?5the?5labels?$DP@ 10013760     write_asm.obj
 0002:00004778       ??_C@_0BO@DHDGHMKM@The?5code?5cave?5was?5not?5defined@ 10013778     write_asm.obj
 0002:00004798       ??_C@_0CE@IGLLGAKP@The?5anonymous?5label?5was?5not?5def@ 10013798     write_asm.obj
 0002:000047c0       ??_C@_0EP@BGGHPIJD@The?5?$EAreturn?5label?5can?5only?5be?5u@ 100137c0     write_asm.obj
 0002:00004810       ??_C@_0BK@OPLEMCHE@The?5label?5was?5not?5defined@ 10013810     write_asm.obj
 0002:0000482c       ??_C@_0CP@IPNCGNHB@Failed?5to?5find?5memory?5block?5for@ 1001382c     write_asm.obj
 0002:00004860       ??_C@_0EA@MBEILIDH@End?5of?5code?5block?5exceeds?5end?5o@ 10013860     write_asm.obj
 0002:000048a0       ??_C@_0CJ@IOBGKIPC@Failed?5to?5write?5memory?5on?5addre@ 100138a0     write_asm.obj
 0002:000048cc       ??_C@_03KHICJKCI@?4?4?4@   100138cc     write_asm.obj
 0002:000048d0       ??_C@_0CI@GPPJFGGJ@Failed?5to?5set?5comment?5on?5addres@ 100138d0     write_asm.obj
 0002:000048f8       ??_C@_0CG@NLGEFLJH@Failed?5to?5set?5label?5on?5address?5@ 100138f8     write_asm.obj
 0002:00004920       ??_C@_05BJCAMMOA@0x?$CFIX@ 10013920     write_asm.obj
 0002:00004928       ??_C@_0CK@FLLLMHBE@Allocation?5failed?5during?5cave?5r@ 10013928     write_asm.obj
 0002:00004954       ??_C@_0CN@MHEDIMLD@Failed?5to?5find?5memory?5block?5for@ 10013954     write_asm.obj
 0002:00004984       ??_C@_0CH@FHBIKOEO@Allocation?5failed?5during?5cave?5s@ 10013984     write_asm.obj
 0002:000049ac       ??_C@_0DB@PHOKOMJM@No?5suitable?5code?5cave?5found?5of?5@ 100139ac     write_asm.obj
 0002:000049e0       __real@3fbd2f1a9fbe76c9    100139e0     assembler_dlg.obj
 0002:000049e8       __real@3fd322d0e5604189    100139e8     assembler_dlg.obj
 0002:000049f0       __real@3fe2c8b439581062    100139f0     assembler_dlg.obj
 0002:000049f8       __real@4060000000000000    100139f8     assembler_dlg.obj
 0002:00004a40       __DELAY_IMPORT_DESCRIPTOR_comctl32_dll 10013a40     comctl32:COMCTL32.dll
 0002:00004a60       __NULL_DELAY_IMPORT_DESCRIPTOR 10013a60     comctl32:COMCTL32.dll
 0002:00004a88       \177COMCTL32_NULL_THUNK_DATA_DLN 10013a88     comctl32:COMCTL32.dll
 0002:00004aa8       \177COMCTL32_NULL_THUNK_DATA_DLB 10013aa8     comctl32:COMCTL32.dll
 0002:00004c7c       ___volatile_metadata       10013c7c     <linker-defined>
 0002:00004e54       __IMPORT_DESCRIPTOR_x32dbg 10013e54     x32dbg:x32dbg.dll
 0002:00004e68       __IMPORT_DESCRIPTOR_x32bridge 10013e68     x32bridge:x32bridge.dll
 0002:00004e7c       __IMPORT_DESCRIPTOR_KERNEL32 10013e7c     kernel32:KERNEL32.dll
 0002:00004e90       __IMPORT_DESCRIPTOR_USER32 10013e90     user32:USER32.dll
 0002:00004ea4       __IMPORT_DESCRIPTOR_GDI32  10013ea4     gdi32:GDI32.dll
 0002:00004eb8       __IMPORT_DESCRIPTOR_COMDLG32 10013eb8     comdlg32:COMDLG32.dll
 0002:00004ecc       __IMPORT_DESCRIPTOR_SHELL32 10013ecc     shell32:SHELL32.dll
 0002:00004ee0       __IMPORT_DESCRIPTOR_ole32  10013ee0     ole32:ole32.dll
 0002:00004ef4       __NULL_IMPORT_DESCRIPTOR   10013ef4     x32dbg:x32dbg.dll
 0003:00000150       __imp__TaskDialogIndirect@16 10015150     comctl32:COMCTL32.dll
 0003:00000154       __imp__InitCommonControlsEx@4 10015154     comctl32:COMCTL32.dll
 0003:00000158       \177COMCTL32_NULL_THUNK_DATA_DLA 10015158     comctl32:COMCTL32.dll
 0003:00000160       __hmod__COMCTL32_dll       10015160     comctl32:COMCTL32.dll
 0003:00000164       ?DloadKernel32@@3PAUHINSTANCE__@@A 10015164     delayimp:delayhlp.obj
 0003:00000168       ?DloadAcquireSRWLockExclusive@@3P6GXPAK@ZA 10015168     delayimp:delayhlp.obj
 0003:0000016c       ?DloadReleaseSRWLockExclusive@@3P6GXPAK@ZA 1001516c     delayimp:delayhlp.obj
 0003:00000170       ?DloadSrwLock@@3KA         10015170     delayimp:delayhlp.obj
 0003:00000174       ?DloadSectionLockCount@@3KA 10015174     delayimp:delayhlp.obj
 0003:00000178       ?DloadSectionOldProtection@@3KA 10015178     delayimp:delayhlp.obj
 0003:0000017c       ?DloadSectionCommitPermanent@@3KA 1001517c     delayimp:delayhlp.obj
 0003:000006b4       ___@@_PchSym_@00@UfhvihUzwnrmrhgizgliUwvhpglkUxlwvcUnfogrUeJUivovzhvUivovzhvPcGEwytUhgwzucOlyq@4B2008FD98C1DD4 100156b4     <common>
 0003:000006b8       _hwollymain                100156b8     <common>
 0003:000006bc       _hDllInst                  100156bc     <common>
 0003:000006c0       _options                   100156c0     <common>

 entry point at        0001:000064c0

 Static symbols

 0001:000000a2       _strtoxl                   100010a2 f   minicrt:string.obj
 0001:000002b0       _IsKeyword                 100012b0 f   assembler_dlg.obj
 0001:00000370       _DoCustomStyling           10001370 f   assembler_dlg.obj
 0001:00000790       _RefreshAllWordHighlights  10001790 f   assembler_dlg.obj
 0001:00000950       _DlgAsmProc@16             10001950 f   assembler_dlg.obj
 0001:00002a94       $LN388                     10003a94     assembler_dlg.obj
 0001:00002ab8       $LN387                     10003ab8     assembler_dlg.obj
 0001:00002b3c       $LN389                     10003b3c     assembler_dlg.obj
 0001:00002b94       $LN391                     10003b94     assembler_dlg.obj
 0001:00002ba8       $LN390                     10003ba8     assembler_dlg.obj
 0001:00002c0c       $LN392                     10003c0c     assembler_dlg.obj
 0001:00002c30       _SetScintillaDesign        10003c30 f   assembler_dlg.obj
 0001:00004050       _LoadWindowPos             10005050 f   assembler_dlg.obj
 0001:00004210       _AsmDlgMessageBox          10005210 f   assembler_dlg.obj
 0001:000042d0       _DoFindCustom              100052d0 f   assembler_dlg.obj
 0001:000043d0       _ScintillaSubclassProc@16  100053d0 f   assembler_dlg.obj
 0001:00006210       _FindTabByLabel            10007210 f   assembler_dlg_tabs.obj
 0001:00006290       _WriteIntToPrivateIni      10007290 f   assembler_dlg_tabs.obj
 0001:00006340       _MakeSureDirectoryExists   10007340 f   assembler_dlg_tabs.obj
 0001:0000726c       $LN39                      1000826c     main_x64dbg.obj
 0001:00007290       _DisassembleSelection      10008290 f   main_x64dbg.obj
 0001:000072e0       _CmdShow                   100082e0 f   main_x64dbg.obj
 0001:00007310       _CmdDisasmSelection        10008310 f   main_x64dbg.obj
 0001:00007340       _CmdClose                  10008340 f   main_x64dbg.obj
 0001:000073c0       _DlgOptionsProc@16         100083c0 f   options_dlg.obj
 0001:00007b20       $LN57                      10008b20     options_dlg.obj
 0001:00007b48       $LN56                      10008b48     options_dlg.obj
 0001:00007b60       _OptionsToDlg              10008b60 f   options_dlg.obj
 0001:00007d00       _OptionsToIni              10008d00 f   options_dlg.obj
 0001:00008a90       _ProcessCommand            10009a90 f   read_asm.obj
 0001:00008b90       _ProcessExternalCode       10009b90 f   read_asm.obj
 0001:00008d80       _CreateAndSetLabels        10009d80 f   read_asm.obj
 0001:000090b0       _MakeText                  1000a0b0 f   read_asm.obj
 0001:00009470       _CopyCommand               1000a470 f   read_asm.obj
 0001:000096a0       _ReplaceAddressWithText    1000a6a0 f   read_asm.obj
 0001:00009970       _SkipCommandName           1000a970 f   read_asm.obj
 0001:00009acc       $LN84                      1000aacc     read_asm.obj
 0001:00009ad8       $LN83                      1000aad8     read_asm.obj
 0001:00009b00       _TabCtrlSubclassProc@16    1000ab00 f   tabctrl_ex.obj
 0001:0000a450       $LN127                     1000b450     tabctrl_ex.obj
 0001:0000a464       $LN126                     1000b464     tabctrl_ex.obj
 0001:0000a4d4       $LN128                     1000b4d4     tabctrl_ex.obj
 0001:0000a4f4       $LN130                     1000b4f4     tabctrl_ex.obj
 0001:0000a4fc       $LN129                     1000b4fc     tabctrl_ex.obj
 0001:0000a510       _EditCtrlSubclassProc@16   1000b510 f   tabctrl_ex.obj
 0001:0000a5b0       _EditLabelMouseProc@12     1000b5b0 f   tabctrl_ex.obj
 0001:0000ae70       _TextToData                1000be70 f   write_asm.obj
 0001:0000b250       _LabelToData               1000c250 f   write_asm.obj
 0001:0000b3d0       _SpecialCommandToData      1000c3d0 f   write_asm.obj
 0001:0000b770       _ParseAddress              1000c770 f   write_asm.obj
 0001:0000bb10       _ParseLabel                1000cb10 f   write_asm.obj
 0001:0000bd10       _ParseAsciiString          1000cd10 f   write_asm.obj
 0001:0000c044       $LN115                     1000d044     write_asm.obj
 0001:0000c050       $LN114                     1000d050     write_asm.obj
 0001:0000c0a8       $LN117                     1000d0a8     write_asm.obj
 0001:0000c0d4       $LN116                     1000d0d4     write_asm.obj
 0001:0000c130       _ParseUnicodeString        1000d130 f   write_asm.obj
 0001:0000c59c       $LN118                     1000d59c     write_asm.obj
 0001:0000c5a8       $LN117                     1000d5a8     write_asm.obj
 0001:0000c600       $LN120                     1000d600     write_asm.obj
 0001:0000c62c       $LN119                     1000d62c     write_asm.obj
 0001:0000c690       _ParseCommand              1000d690 f   write_asm.obj
 0001:0000c8f0       _ResolveCommand            1000d8f0 f   write_asm.obj
 0001:0000ca10       _ReplaceLabelsWithFooAddress 1000da10 f   write_asm.obj
 0001:0000cb40       _ParseRVAAddress           1000db40 f   write_asm.obj
 0001:0000cdb0       _ParseDWORDPtr             1000ddb0 f   write_asm.obj
 0001:0000cec0       _ReplaceLabelsFromList     1000dec0 f   write_asm.obj
 0001:0000d270       _ReplaceTextsWithAddresses 1000e270 f   write_asm.obj
 0001:0000d3f0       _ReplacedTextCorrectErrorSpot 1000e3f0 f   write_asm.obj
 0001:0000d570       _FindCodeCave              1000e570 f   write_asm.obj
 0001:0000d87a       ??$GuardedWrite@V<lambda_1>@?1??__delayLoadHelper2@@YGP6GHXZPBUImgDelayDescr@@PAP6GHXZ@Z@@@YGXPAXKV<lambda_1>@?1??__delayLoadHelper2@@YGP6GHXZPBUImgDelayDescr@@PAP6GHXZ@Z@@Z 1000e87a f   delayimp:delayhlp.obj
 0002:00002708       ?defaultIniData@?2??EnsureIniFileExists@@9@9 10011708     main_common.obj
 0002:00004bc0       .edata                     10013bc0     multiasm_x64dbg.exp
 0002:00004be8       rgpv                       10013be8     multiasm_x64dbg.exp
 0002:00004c00       rgszName                   10013c00     multiasm_x64dbg.exp
 0002:00004c18       rgwOrd                     10013c18     multiasm_x64dbg.exp
 0002:00004c24       szName                     10013c24     multiasm_x64dbg.exp
 0002:00004c39       $N00001                    10013c39     multiasm_x64dbg.exp
 0002:00004c45       $N00002                    10013c45     multiasm_x64dbg.exp
 0002:00004c50       $N00003                    10013c50     multiasm_x64dbg.exp
 0002:00004c5f       $N00004                    10013c5f     multiasm_x64dbg.exp
 0002:00004c68       $N00005                    10013c68     multiasm_x64dbg.exp
 0002:00004c72       $N00006                    10013c72     multiasm_x64dbg.exp
 0002:00005268       .idata$6                   10014268     x32dbg:x32dbg.dll
 0002:000053a0       .idata$6                   100143a0     x32bridge:x32bridge.dll
 0002:00005658       .idata$6                   10014658     kernel32:KERNEL32.dll
 0002:00005b34       .idata$6                   10014b34     user32:USER32.dll
 0002:00005b60       .idata$6                   10014b60     gdi32:GDI32.dll
 0002:00005be4       .idata$6                   10014be4     comdlg32:COMDLG32.dll
 0002:00005c12       .idata$6                   10014c12     shell32:SHELL32.dll
 0002:00005c40       .idata$6                   10014c40     ole32:ole32.dll
 0003:00000000       ?spaces@?1??isspace@@9@9   10015000     minicrt:string.obj
 0003:00000100       _s_backupSelStart          10015100     assembler_dlg.obj
 0003:00000104       _s_backupSelEnd            10015104     assembler_dlg.obj
 0003:00000108       ?acrCustColors@?1??ChooseColor_Dlg@@9@9 10015108     options_dlg.obj
 0003:00000180       _hAccelerators             10015180     assembler_dlg.obj
 0003:00000184       _hAsmDlg                   10015184     assembler_dlg.obj
 0003:00000188       _AsmDlgParam               10015188     assembler_dlg.obj
 0003:000002e4       _wpOrigScintillaProc       100152e4     assembler_dlg.obj
 0003:000002e8       _bInStyling                100152e8     assembler_dlg.obj
 0003:000002ec       ?s_bInterceptRButton@?1??ScintillaSubclassProc@@9@9 100152ec     assembler_dlg.obj
 0003:000002f0       _hPostErrorWnd             100152f0     assembler_dlg_tabs.obj
 0003:000002f4       _uPostErrorMsg             100152f4     assembler_dlg_tabs.obj
 0003:000002f8       _szTabFilesPath            100152f8     assembler_dlg_tabs.obj
 0003:000003fc       _nTabsCreatedCounter       100153fc     assembler_dlg_tabs.obj
 0003:00000400       _szConfigFilePath          10015400     assembler_dlg_tabs.obj
 0003:00000504       _hScintillaDLL             10015504     main_common.obj
 0003:00000508       _szLibraryFilePath         10015508     assembler_dlg_tabs.obj
 0003:0000060c       _ftConfigLastWriteTime     1001560c     assembler_dlg_tabs.obj
 0003:00000614       _ftCurrentTabLastWriteTime 10015614     assembler_dlg_tabs.obj
 0003:0000061c       _pluginHandle              1001561c     main_x64dbg.obj
 0003:00000620       _hMenu                     10015620     main_x64dbg.obj
 0003:00000624       _hMenuDisasm               10015624     main_x64dbg.obj
 0003:00000628       _temp_options              10015628     options_dlg.obj
 0003:000006a4       _g_hEditingTabCtrlWnd      100156a4     tabctrl_ex.obj
 0003:000006a8       _g_hEditCtrlWnd            100156a8     tabctrl_ex.obj
 0003:000006ac       _g_pOldEditCtrlProc        100156ac     tabctrl_ex.obj
 0003:000006b0       _g_hLabelEditMouseHook     100156b0     tabctrl_ex.obj
 0004:00000260       $R000000                   10016260     rsrc.res
 0004:000006c8       $R000468                   100166c8     rsrc.res
 0004:00001770       $R001510                   10017770     rsrc.res
 0004:00003d18       $R003AB8                   10019d18     rsrc.res
 0004:00003d48       $R003AE8                   10019d48     rsrc.res
 0004:00003df0       $R003B90                   10019df0     rsrc.res
 0004:00004120       $R003EC0                   1001a120     rsrc.res
 0004:00004268       $R004008                   1001a268     rsrc.res
 0004:00004990       $R004730                   1001a990     rsrc.res
